--------- beginning of /dev/log/system
I/PowerManagerService(  764): Waking up from sleep...
I/WindowManager(  764): Lock screen displayed!
D/DisplayPowerController(  764): Unblocked screen on after 282229369 ms
W/InputMethodManagerService(  764): Window already focused, ignoring focus gain of: com.android.internal.view.IInputMethodClient$Stub$Proxy@439aefa0 attribute=android.view.inputmethod.EditorInfo@43793ad8, token = android.os.BinderProxy@430fbf18
I/ActivityManager(  764): START u0 {act=android.intent.action.MAIN cat=[android.intent.category.HOME] flg=0x10200000 cmp=com.google.android.googlequicksearchbox/com.google.android.launcher.GEL} from pid 764
I/ActivityManager(  764): START u0 {act=com.android.systemui.recent.action.TOGGLE_RECENTS flg=0x10800000 cmp=com.android.systemui/.recent.RecentsActivity} from pid 859
W/ActivityManager(  764): No content provider found for permission revoke: file:///data/local/tmp/app-debug.apk
W/DropBoxManagerService(  764): Dropping: exp_det_cert_pin_failure (1937 > 0 bytes)
W/ActivityManager(  764): No content provider found for permission revoke: file:///data/local/tmp/app-debug.apk
I/PackageManager(  764): Copying native libraries to /data/app-lib/vmdl-375568663
I/ActivityManager(  764): Force stopping com.yaguar.dmuniv appid=10076 user=-1: uninstall pkg
I/PackageManager(  764): Package com.yaguar.dmuniv codePath changed from /data/app/com.yaguar.dmuniv-2.apk to /data/app/com.yaguar.dmuniv-1.apk; Retaining data and using new
I/ActivityManager(  764): Force stopping com.yaguar.dmuniv appid=10076 user=-1: update pkg
W/PackageManager(  764): Code path for pkg : com.yaguar.dmuniv changing from /data/app/com.yaguar.dmuniv-2.apk to /data/app/com.yaguar.dmuniv-1.apk
W/PackageManager(  764): Resource path for pkg : com.yaguar.dmuniv changing from /data/app/com.yaguar.dmuniv-2.apk to /data/app/com.yaguar.dmuniv-1.apk
I/ActivityManager(  764): Force stopping com.yaguar.dmuniv appid=10076 user=0: pkg removed
I/PackageManager(  764): Adding preferred activity ComponentInfo{com.google.android.apps.messaging/com.google.android.apps.messaging.ui.conversation.LaunchConversationActivity} for user 0 :
I/PackageManager(  764): Adding preferred activity ComponentInfo{com.google.android.apps.messaging/com.google.android.apps.messaging.ui.conversation.LaunchConversationActivity} for user 0 :
I/PackageManager(  764): Adding preferred activity ComponentInfo{com.google.android.apps.messaging/com.google.android.apps.messaging.ui.conversation.LaunchConversationActivity} for user 0 :
D/BackupManagerService(  764): Received broadcast Intent { act=android.intent.action.PACKAGE_REMOVED dat=package:com.yaguar.dmuniv flg=0x4000010 (has extras) }
I/PackageManager(  764): Adding preferred activity ComponentInfo{com.google.android.apps.messaging/com.google.android.apps.messaging.ui.conversation.LaunchConversationActivity} for user 0 :
I/PackageManager(  764): Adding preferred activity ComponentInfo{com.google.android.apps.messaging/com.google.android.apps.messaging.ui.conversation.LaunchConversationActivity} for user 0 :
W/ContextImpl( 4845): Calling a method in the system process without a qualified user: android.app.ContextImpl.startService:1487 android.content.ContextWrapper.startService:494 android.content.ContextWrapper.startService:494 com.android.keychain.KeyChainBroadcastReceiver.onReceive:12 android.app.ActivityThread.handleReceiver:2407 
D/BackupManagerService(  764): Received broadcast Intent { act=android.intent.action.PACKAGE_ADDED dat=package:com.yaguar.dmuniv flg=0x4000010 (has extras) }
V/BackupManagerService(  764): removePackageParticipantsLocked: uid=10076 #1
I/PackageManager(  764): Adding preferred activity ComponentInfo{com.google.android.apps.messaging/com.google.android.apps.messaging.ui.conversation.LaunchConversationActivity} for user 0 :
V/BackupManagerService(  764): addPackageParticipantsLocked: #1
I/PackageManager(  764): Adding preferred activity ComponentInfo{com.google.android.apps.messaging/com.google.android.apps.messaging.ui.conversation.LaunchConversationActivity} for user 0 :
I/PackageManager(  764): Adding preferred activity ComponentInfo{com.google.android.apps.messaging/com.google.android.apps.messaging.ui.conversation.LaunchConversationActivity} for user 0 :
I/PackageManager(  764): Adding preferred activity ComponentInfo{com.google.android.apps.messaging/com.google.android.apps.messaging.ui.conversation.LaunchConversationActivity} for user 0 :
I/PackageManager(  764): Adding preferred activity ComponentInfo{com.google.android.apps.messaging/com.google.android.apps.messaging.ui.conversation.LaunchConversationActivity} for user 0 :
I/PackageManager(  764): Adding preferred activity ComponentInfo{com.google.android.apps.messaging/com.google.android.apps.messaging.ui.conversation.LaunchConversationActivity} for user 0 :
I/PackageManager(  764): Adding preferred activity ComponentInfo{com.google.android.apps.messaging/com.google.android.apps.messaging.ui.conversation.LaunchConversationActivity} for user 0 :
I/PackageManager(  764): Adding preferred activity ComponentInfo{com.google.android.apps.messaging/com.google.android.apps.messaging.ui.conversation.LaunchConversationActivity} for user 0 :
I/PackageManager(  764): Adding preferred activity ComponentInfo{com.google.android.apps.messaging/com.google.android.apps.messaging.ui.conversation.LaunchConversationActivity} for user 0 :
I/PackageManager(  764): Adding preferred activity ComponentInfo{com.google.android.apps.messaging/com.google.android.apps.messaging.ui.conversation.LaunchConversationActivity} for user 0 :
I/PackageManager(  764): Adding preferred activity ComponentInfo{com.google.android.apps.messaging/com.google.android.apps.messaging.ui.conversation.LaunchConversationActivity} for user 0 :
I/PackageManager(  764): Adding preferred activity ComponentInfo{com.google.android.apps.messaging/com.google.android.apps.messaging.ui.conversation.LaunchConversationActivity} for user 0 :
I/PackageManager(  764): Adding preferred activity ComponentInfo{com.google.android.apps.messaging/com.google.android.apps.messaging.ui.conversation.LaunchConversationActivity} for user 0 :
I/PackageManager(  764): Adding preferred activity ComponentInfo{com.google.android.apps.messaging/com.google.android.apps.messaging.ui.conversation.LaunchConversationActivity} for user 0 :
I/PackageManager(  764): Adding preferred activity ComponentInfo{com.google.android.apps.messaging/com.google.android.apps.messaging.ui.conversation.LaunchConversationActivity} for user 0 :
I/PackageManager(  764): Adding preferred activity ComponentInfo{com.google.android.apps.messaging/com.google.android.apps.messaging.ui.conversation.LaunchConversationActivity} for user 0 :
I/PackageManager(  764): Adding preferred activity ComponentInfo{com.google.android.apps.messaging/com.google.android.apps.messaging.ui.conversation.LaunchConversationActivity} for user 0 :
I/PackageManager(  764): Adding preferred activity ComponentInfo{com.google.android.apps.messaging/com.google.android.apps.messaging.ui.conversation.LaunchConversationActivity} for user 0 :
W/ViewRootImpl(32658): Dropping event due to no window focus: KeyEvent { action=ACTION_DOWN, keyCode=KEYCODE_MENU, scanCode=0, metaState=0, flags=0x0, repeatCount=0, eventTime=92787069, downTime=92787069, deviceId=-1, source=0x101 }
I/PackageManager(  764): Adding preferred activity ComponentInfo{com.google.android.apps.messaging/com.google.android.apps.messaging.ui.conversation.LaunchConversationActivity} for user 0 :
I/ActivityManager(  764): Delay finish: com.android.musicfx/.Compatibility$Receiver
I/ActivityManager(  764): Resuming delayed broadcast
I/ActivityManager(  764): START u0 {act=android.intent.action.MAIN flg=0x10000000 cmp=com.yaguar.dmuniv/.MainActivity} from pid 14657
I/ActivityManager(  764): Start proc com.yaguar.dmuniv for activity com.yaguar.dmuniv/.MainActivity: pid=14669 uid=10076 gids={50076, 3003}
D/MobileDataStateTracker(  764): default: setPolicyDataEnable(enabled=true)
I/ActivityManager(  764): Process com.weather.Weather (pid 25586) has died.
W/ActivityManager(  764): Scheduling restart of crashed service com.weather.Weather/com.mapbox.services.android.telemetry.service.TelemetryService in 1000ms
I/ActivityManager(  764): Process com.dropbox.android (pid 2347) has died.
W/ActivityManager(  764): Scheduling restart of crashed service com.dropbox.android/.service.WatcherService in 1000ms
I/ActivityManager(  764): Process com.skype.raider (pid 6752) has died.
W/ActivityManager(  764): Scheduling restart of crashed service com.skype.raider/com.skype.m2.backends.AppTaskRemovedListener in 10970ms
I/ActivityManager(  764): Start proc com.dropbox.android for service com.dropbox.android/.service.WatcherService: pid=14979 uid=10075 gids={50075, 3003, 1028, 1015}
I/ActivityManager(  764): Start proc com.dropbox.android:crashes for service com.dropbox.android/com.dropbox.core.crashes.CrashUploadService: pid=15010 uid=10075 gids={50075, 3003, 1028, 1015}
I/ActivityManager(  764): Process com.google.android.talk (pid 12840) has died.
I/ActivityManager(  764): Process com.google.android.tts (pid 11324) has died.
W/ActivityManager(  764): Scheduling restart of crashed service com.google.android.tts/.service.GoogleTTSService in 1000ms
I/ActivityManager(  764): Start proc com.google.android.tts for service com.google.android.tts/.service.GoogleTTSService: pid=15204 uid=10048 gids={50048, 3003, 1028, 1015}
--------- beginning of /dev/log/main
W/dalvikvm(15204): VFY: unable to find class referenced in signature (Landroid/os/health/HealthStats;)
W/dalvikvm(15204): VFY: unable to find class referenced in signature (Landroid/os/health/HealthStats;)
W/dalvikvm(15204): VFY: unable to find class referenced in signature (Landroid/os/health/HealthStats;)
W/dalvikvm(15204): VFY: unable to find class referenced in signature (Landroid/os/health/HealthStats;)
W/dalvikvm(15204): VFY: unable to find class referenced in signature (Landroid/os/health/HealthStats;)
W/dalvikvm(15204): VFY: unable to find class referenced in signature (Landroid/os/health/HealthStats;)
W/dalvikvm(15204): VFY: unable to find class referenced in signature (Landroid/os/health/HealthStats;)
W/dalvikvm(15204): VFY: unable to find class referenced in signature (Landroid/os/health/HealthStats;)
W/dalvikvm(15204): VFY: unable to find class referenced in signature (Landroid/os/health/HealthStats;)
W/dalvikvm(15204): VFY: unable to find class referenced in signature (Landroid/os/health/HealthStats;)
W/dalvikvm(15204): VFY: unable to find class referenced in signature (Landroid/os/health/HealthStats;)
W/dalvikvm(15204): VFY: unable to find class referenced in signature (Landroid/os/health/HealthStats;)
W/dalvikvm(15204): VFY: unable to find class referenced in signature (Landroid/os/health/HealthStats;)
W/dalvikvm(15204): VFY: unable to find class referenced in signature (Landroid/os/health/HealthStats;)
W/dalvikvm(15204): VFY: unable to find class referenced in signature (Landroid/os/health/HealthStats;)
W/dalvikvm(15204): VFY: unable to find class referenced in signature (Landroid/os/health/HealthStats;)
W/dalvikvm(15204): VFY: unable to find class referenced in signature (Landroid/os/health/HealthStats;)
W/dalvikvm(15204): VFY: unable to find class referenced in signature (Landroid/os/health/HealthStats;)
D/dalvikvm(15204): GC_CONCURRENT freed 363K, 3% free 16820K/17216K, paused 1ms+2ms, total 17ms
W/dalvikvm(15204): VFY: unable to find class referenced in signature (Landroid/os/health/HealthStats;)
W/dalvikvm(15204): VFY: unable to find class referenced in signature (Landroid/os/health/HealthStats;)
W/dalvikvm(15204): VFY: unable to find class referenced in signature (Landroid/os/health/HealthStats;)
W/dalvikvm(15204): VFY: unable to find class referenced in signature (Landroid/os/health/HealthStats;)
W/dalvikvm(15204): VFY: unable to find class referenced in signature (Landroid/os/health/HealthStats;)
W/dalvikvm(15204): VFY: unable to find class referenced in signature (Landroid/os/health/HealthStats;)
W/dalvikvm(15204): VFY: unable to find class referenced in signature (Landroid/os/health/HealthStats;)
W/dalvikvm(15204): VFY: unable to find class referenced in signature (Landroid/os/health/HealthStats;)
W/dalvikvm(15204): VFY: unable to find class referenced in signature (Landroid/os/health/HealthStats;)
W/dalvikvm(15204): VFY: unable to find class referenced in signature (Landroid/os/health/HealthStats;)
W/dalvikvm(15204): VFY: unable to find class referenced in signature (Landroid/os/health/HealthStats;)
W/dalvikvm(15204): VFY: unable to find class referenced in signature (Landroid/os/health/HealthStats;)
W/dalvikvm(15204): VFY: unable to find class referenced in signature (Landroid/os/health/HealthStats;)
W/dalvikvm(15204): VFY: unable to find class referenced in signature (Landroid/os/health/HealthStats;)
W/dalvikvm(15204): VFY: unable to find class referenced in signature (Landroid/os/health/HealthStats;)
W/dalvikvm(15204): VFY: unable to find class referenced in signature (Landroid/os/health/HealthStats;)
W/dalvikvm(15204): VFY: unable to find class referenced in signature (Landroid/os/health/HealthStats;)
W/dalvikvm(15204): VFY: unable to find class referenced in signature (Landroid/os/health/HealthStats;)
W/dalvikvm(15204): VFY: unable to find class referenced in signature (Landroid/os/health/HealthStats;)
W/dalvikvm(15204): VFY: unable to find class referenced in signature (Landroid/os/health/HealthStats;)
W/dalvikvm(15204): VFY: unable to find class referenced in signature (Landroid/os/health/HealthStats;)
W/dalvikvm(15204): VFY: unable to find class referenced in signature (Landroid/os/health/HealthStats;)
W/dalvikvm(15204): VFY: unable to find class referenced in signature (Landroid/os/health/HealthStats;)
W/dalvikvm(15204): VFY: unable to find class referenced in signature (Landroid/os/health/HealthStats;)
W/dalvikvm(15204): VFY: unable to find class referenced in signature (Landroid/os/health/HealthStats;)
W/dalvikvm(15204): VFY: unable to find class referenced in signature (Landroid/os/health/HealthStats;)
W/dalvikvm(15204): VFY: unable to find class referenced in signature (Landroid/os/health/HealthStats;)
W/dalvikvm(15204): VFY: unable to find class referenced in signature (Landroid/os/health/HealthStats;)
W/dalvikvm(15204): VFY: unable to find class referenced in signature (Landroid/os/health/HealthStats;)
W/dalvikvm(15204): VFY: unable to find class referenced in signature (Landroid/os/health/HealthStats;)
W/dalvikvm(15204): VFY: unable to find class referenced in signature (Landroid/os/health/HealthStats;)
W/dalvikvm(15204): VFY: unable to find class referenced in signature (Landroid/os/health/HealthStats;)
W/dalvikvm(15204): VFY: unable to find class referenced in signature (Landroid/os/health/HealthStats;)
W/dalvikvm(15204): VFY: unable to find class referenced in signature (Landroid/os/health/HealthStats;)
I/dalvikvm(15204): Could not find method android.os.health.HealthStats.hasMeasurement, referenced from method ahp.a
W/dalvikvm(15204): VFY: unable to resolve virtual method 2340: Landroid/os/health/HealthStats;.hasMeasurement (I)Z
D/dalvikvm(15204): VFY: replacing opcode 0x6e at 0x0003
D/dalvikvm(15204): DexOpt: couldn't find static field Landroid/os/storage/StorageManager;.UUID_DEFAULT
W/dalvikvm(15204): VFY: unable to resolve static field 1059 (UUID_DEFAULT) in Landroid/os/storage/StorageManager;
D/dalvikvm(15204): VFY: replacing opcode 0x62 at 0x0016
E/dalvikvm(15204): Could not find class 'android.os.PersistableBundle', referenced from method ahp.a
W/dalvikvm(15204): VFY: unable to resolve new-instance 540 (Landroid/os/PersistableBundle;) in Lahp;
D/dalvikvm(15204): VFY: replacing opcode 0x22 at 0x000f
W/dalvikvm(15204): VFY: unable to find class referenced in signature (Landroid/app/usage/StorageStats;)
I/dalvikvm(15204): Could not find method android.app.usage.StorageStats.getAppBytes, referenced from method ahp.a
W/dalvikvm(15204): VFY: unable to resolve virtual method 1745: Landroid/app/usage/StorageStats;.getAppBytes ()J
D/dalvikvm(15204): VFY: replacing opcode 0x6e at 0x0004
I/dalvikvm(15204): Could not find method android.app.usage.StorageStats.getAppBytes, referenced from method ahp.a
W/dalvikvm(15204): VFY: unable to resolve virtual method 1745: Landroid/app/usage/StorageStats;.getAppBytes ()J
D/dalvikvm(15204): VFY: replacing opcode 0x6e at 0x0025
E/dalvikvm(15204): Could not find class 'android.app.job.JobScheduler', referenced from method ahp.a
W/dalvikvm(15204): VFY: unable to resolve check-cast 411 (Landroid/app/job/JobScheduler;) in Lahp;
D/dalvikvm(15204): VFY: replacing opcode 0x1f at 0x000b
I/dalvikvm(15204): Could not find method java.io.File.toPath, referenced from method ahp.a
W/dalvikvm(15204): VFY: unable to resolve virtual method 12015: Ljava/io/File;.toPath ()Ljava/nio/file/Path;
D/dalvikvm(15204): VFY: replacing opcode 0x6e at 0x0008
W/dalvikvm(15204): VFY: unable to find class referenced in signature (Landroid/os/health/HealthStats;)
W/dalvikvm(15204): VFY: unable to find class referenced in signature (Landroid/os/health/HealthStats;)
W/dalvikvm(15204): VFY: unable to find class referenced in signature (Landroid/os/health/HealthStats;)
W/dalvikvm(15204): VFY: unable to find class referenced in signature (Landroid/os/health/HealthStats;)
W/dalvikvm(15204): VFY: unable to find class referenced in signature (Landroid/os/health/HealthStats;)
W/dalvikvm(15204): VFY: unable to find class referenced in signature (Landroid/os/health/HealthStats;)
W/dalvikvm(15204): VFY: unable to find class referenced in signature (Landroid/os/health/HealthStats;)
W/dalvikvm(15204): VFY: unable to find class referenced in signature (Landroid/os/health/HealthStats;)
I/dalvikvm(15204): Could not find method android.os.health.HealthStats.hasTimer, referenced from method ahp.b
W/dalvikvm(15204): VFY: unable to resolve virtual method 2343: Landroid/os/health/HealthStats;.hasTimer (I)Z
D/dalvikvm(15204): VFY: replacing opcode 0x6e at 0x0003
W/dalvikvm(15204): VFY: unable to find class referenced in signature (Landroid/os/health/TimerStat;)
W/dalvikvm(15204): VFY: unable to find class referenced in signature (Landroid/os/health/TimerStat;)
W/dalvikvm(15204): VFY: unable to find class referenced in signature (Landroid/os/health/HealthStats;)
W/dalvikvm(15204): VFY: unable to find class referenced in signature (Landroid/os/health/HealthStats;)
W/dalvikvm(15204): VFY: unable to find class referenced in signature (Landroid/os/health/HealthStats;)
W/dalvikvm(15204): VFY: unable to find class referenced in signature (Landroid/os/health/HealthStats;)
W/dalvikvm(15204): VFY: unable to find class referenced in signature (Landroid/os/health/HealthStats;)
W/dalvikvm(15204): VFY: unable to find class referenced in signature (Landroid/os/health/HealthStats;)
W/dalvikvm(15204): VFY: unable to find class referenced in signature (Landroid/os/health/HealthStats;)
W/dalvikvm(15204): VFY: unable to find class referenced in signature (Landroid/os/health/HealthStats;)
I/dalvikvm(15204): Could not find method android.os.health.HealthStats.hasTimers, referenced from method ahp.c
W/dalvikvm(15204): VFY: unable to resolve virtual method 2344: Landroid/os/health/HealthStats;.hasTimers (I)Z
D/dalvikvm(15204): VFY: replacing opcode 0x6e at 0x0002
W/dalvikvm(15204): VFY: unable to find class referenced in signature (Landroid/os/health/HealthStats;)
W/dalvikvm(15204): VFY: unable to find class referenced in signature (Landroid/os/health/HealthStats;)
W/dalvikvm(15204): VFY: unable to find class referenced in signature (Landroid/os/health/HealthStats;)
I/dalvikvm(15204): Could not find method android.os.health.HealthStats.hasMeasurements, referenced from method ahp.d
W/dalvikvm(15204): VFY: unable to resolve virtual method 2341: Landroid/os/health/HealthStats;.hasMeasurements (I)Z
D/dalvikvm(15204): VFY: replacing opcode 0x6e at 0x0005
W/dalvikvm(15204): VFY: unable to find class referenced in signature (Landroid/os/health/HealthStats;)
W/dalvikvm(15204): VFY: unable to find class referenced in signature (Landroid/os/health/HealthStats;)
W/dalvikvm(15204): VFY: unable to find class referenced in signature (Landroid/os/health/HealthStats;)
W/dalvikvm(15204): VFY: unable to find class referenced in signature (Landroid/os/health/HealthStats;)
W/dalvikvm(15204): VFY: unable to find class referenced in signature (Landroid/os/health/HealthStats;)
I/dalvikvm(15204): Could not find method android.os.health.HealthStats.hasStats, referenced from method ahp.e
W/dalvikvm(15204): VFY: unable to resolve virtual method 2342: Landroid/os/health/HealthStats;.hasStats (I)Z
D/dalvikvm(15204): VFY: replacing opcode 0x6e at 0x0002
W/dalvikvm(15204): VFY: unable to find class referenced in signature (Landroid/os/health/HealthStats;)
W/dalvikvm(15204): VFY: unable to find class referenced in signature (Landroid/os/health/HealthStats;)
I/dalvikvm(15204): Could not find method android.content.Context.getSystemService, referenced from method ahp.h
W/dalvikvm(15204): VFY: unable to resolve virtual method 1786: Landroid/content/Context;.getSystemService (Ljava/lang/Class;)Ljava/lang/Object;
D/dalvikvm(15204): VFY: replacing opcode 0x6e at 0x0007
D/dalvikvm(15204): DexOpt: unable to opt direct call 0x0906 at 0x11 in Lahp;.a
D/dalvikvm(15204): DexOpt: unable to opt direct call 0x06c4 at 0x2a in Lahp;.a
D/dalvikvm(15204): DexOpt: couldn't find static field Landroid/os/storage/StorageManager;.UUID_DEFAULT
I/dalvikvm(15204): DexOpt: unable to optimize static field ref 0x0423 at 0x59 in Lahp;.h
D/dalvikvm(15204): GC_CONCURRENT freed 395K, 3% free 16830K/17260K, paused 2ms+1ms, total 12ms
I/dalvikvm(15204): Could not find method android.content.Context.createDeviceProtectedStorageContext, referenced from method atc.a
W/dalvikvm(15204): VFY: unable to resolve virtual method 1765: Landroid/content/Context;.createDeviceProtectedStorageContext ()Landroid/content/Context;
D/dalvikvm(15204): VFY: replacing opcode 0x6e at 0x0008
D/dalvikvm(15204): DexOpt: couldn't find static field Landroid/os/Build;.SUPPORTED_64_BIT_ABIS
W/dalvikvm(15204): VFY: unable to resolve static field 1045 (SUPPORTED_64_BIT_ABIS) in Landroid/os/Build;
D/dalvikvm(15204): VFY: replacing opcode 0x62 at 0x010a
I/TTS     (15204): Loading library tts_android_neon
D/dalvikvm(15204): Trying to load lib /data/app-lib/com.google.android.tts-2/libtts_android_neon.so 0x42604a38
D/MobileDataStateTracker(  764): default: setPolicyDataEnable(enabled=true)
W/native  (15204): commandlineflags.cc:1511 Ignoring RegisterValidateFunction() for flag pointer 0x757fd7c0: no flag found at that address
D/dalvikvm(15204): Added shared lib /data/app-lib/com.google.android.tts-2/libtts_android_neon.so 0x42604a38
D/dalvikvm(15204): No JNI_OnLoad found in /data/app-lib/com.google.android.tts-2/libtts_android_neon.so 0x42604a38, skipping init
I/dalvikvm(15204): Could not find method android.content.Context.createDeviceProtectedStorageContext, referenced from method ato.<init>
W/dalvikvm(15204): VFY: unable to resolve virtual method 1765: Landroid/content/Context;.createDeviceProtectedStorageContext ()Landroid/content/Context;
D/dalvikvm(15204): VFY: replacing opcode 0x6e at 0x001e
I/dalvikvm(15204): Could not find method android.content.Context.createDeviceProtectedStorageContext, referenced from method ato.l
W/dalvikvm(15204): VFY: unable to resolve virtual method 1765: Landroid/content/Context;.createDeviceProtectedStorageContext ()Landroid/content/Context;
D/dalvikvm(15204): VFY: replacing opcode 0x6e at 0x0030
I/dalvikvm(15204): Could not find method android.app.NotificationManager.getNotificationChannel, referenced from method sl.a
W/dalvikvm(15204): VFY: unable to resolve virtual method 1724: Landroid/app/NotificationManager;.getNotificationChannel (Ljava/lang/String;)Landroid/app/NotificationChannel;
D/dalvikvm(15204): VFY: replacing opcode 0x6e at 0x000f
I/dalvikvm(15204): Could not find method android.app.Notification$Builder.setChannelId, referenced from method sl.a
W/dalvikvm(15204): VFY: unable to resolve virtual method 1677: Landroid/app/Notification$Builder;.setChannelId (Ljava/lang/String;)Landroid/app/Notification$Builder;
D/dalvikvm(15204): VFY: replacing opcode 0x6e at 0x0086
D/dalvikvm(15204): DexOpt: unable to opt direct call 0x06b7 at 0x1c in Lsl;.a
I/dalvikvm(15204): Could not find method android.content.pm.PackageManager.getPackageInstaller, referenced from method sp.a
W/dalvikvm(15204): VFY: unable to resolve virtual method 1872: Landroid/content/pm/PackageManager;.getPackageInstaller ()Landroid/content/pm/PackageInstaller;
D/dalvikvm(15204): VFY: replacing opcode 0x6e at 0x0012
I/dalvikvm(15204): Could not find method android.content.Context.isDeviceProtectedStorage, referenced from method adc.a
W/dalvikvm(15204): VFY: unable to resolve virtual method 1790: Landroid/content/Context;.isDeviceProtectedStorage ()Z
D/dalvikvm(15204): VFY: replacing opcode 0x6e at 0x0009
I/dalvikvm(15204): Could not find method android.content.Context.isDeviceProtectedStorage, referenced from method adc.a
W/dalvikvm(15204): VFY: unable to resolve virtual method 1790: Landroid/content/Context;.isDeviceProtectedStorage ()Z
D/dalvikvm(15204): VFY: replacing opcode 0x6e at 0x005d
D/dalvikvm(15204): GC_CONCURRENT freed 288K, 2% free 17003K/17324K, paused 7ms+2ms, total 23ms
I/dalvikvm(15204): Could not find method android.os.UserManager.isUserUnlocked, referenced from method ard.a
W/dalvikvm(15204): VFY: unable to resolve virtual method 2334: Landroid/os/UserManager;.isUserUnlocked ()Z
D/dalvikvm(15204): VFY: replacing opcode 0x6e at 0x0011
I/dalvikvm(15204): Could not find method android.content.Context.createDeviceProtectedStorageContext, referenced from method aqh.<init>
W/dalvikvm(15204): VFY: unable to resolve virtual method 1765: Landroid/content/Context;.createDeviceProtectedStorageContext ()Landroid/content/Context;
D/dalvikvm(15204): VFY: replacing opcode 0x6e at 0x0025
I/dalvikvm(15204): Could not find method android.os.PowerManager.isInteractive, referenced from method any.c
W/dalvikvm(15204): VFY: unable to resolve virtual method 2316: Landroid/os/PowerManager;.isInteractive ()Z
D/dalvikvm(15204): VFY: replacing opcode 0x6e at 0x000e
I/dalvikvm(15204): Could not find method android.content.Context.getDataDir, referenced from method aeg.a
W/dalvikvm(15204): VFY: unable to resolve virtual method 1774: Landroid/content/Context;.getDataDir ()Ljava/io/File;
D/dalvikvm(15204): VFY: replacing opcode 0x6e at 0x000f
D/dalvikvm(15204): GC_CONCURRENT freed 304K, 2% free 17169K/17504K, paused 2ms+1ms, total 13ms
D/dalvikvm(15204): GC_CONCURRENT freed 371K, 3% free 17308K/17712K, paused 3ms+1ms, total 27ms
D/dalvikvm(15204): WAIT_FOR_CONCURRENT_GC blocked 11ms
D/dalvikvm(15204): GC_CONCURRENT freed 427K, 3% free 17387K/17852K, paused 1ms+1ms, total 17ms
D/dalvikvm(15204): WAIT_FOR_CONCURRENT_GC blocked 10ms
D/dalvikvm(15204): GC_CONCURRENT freed 426K, 3% free 17466K/17932K, paused 2ms+1ms, total 22ms
D/dalvikvm(15204): WAIT_FOR_CONCURRENT_GC blocked 14ms
D/dalvikvm(15204): GC_CONCURRENT freed 395K, 3% free 17540K/17980K, paused 2ms+0ms, total 15ms
D/dalvikvm(15204): GC_CONCURRENT freed 352K, 3% free 17605K/18004K, paused 1ms+1ms, total 12ms
D/dalvikvm(15204): GC_CONCURRENT freed 419K, 3% free 17683K/18148K, paused 2ms+1ms, total 13ms
D/dalvikvm(15204): WAIT_FOR_CONCURRENT_GC blocked 4ms
I/ActivityManager(  764): Process com.google.android.apps.messaging (pid 11305) has died.
D/dalvikvm(15204): GC_CONCURRENT freed 420K, 3% free 17760K/18228K, paused 9ms+1ms, total 25ms
D/dalvikvm(15204): WAIT_FOR_CONCURRENT_GC blocked 9ms
D/dalvikvm(15204): WAIT_FOR_CONCURRENT_GC blocked 11ms
E/TTS     (15204): Unparsable line in file with voice data checksums: voices-list.dev/signature.sf 7846532c8eb3d4d374813dae6d74638b
E/TTS     (15204): Unparsable line in file with voice data checksums: voices-list.dev/voices-list-dsig.pb c1024b1416240bb24b316bac696f5cdb
E/TTS     (15204): Unparsable line in file with voice data checksums: voices-list.rel/signature.sf 93ee1641133be6e6d8cb83934833cd8c
E/TTS     (15204): Unparsable line in file with voice data checksums: voices-list.rel/voices-list-rsig.pb 8ad16260ab46941c146c4598d78862ee
D/dalvikvm(15204): GC_CONCURRENT freed 339K, 3% free 17824K/18228K, paused 2ms+8ms, total 23ms
I/TTS     (15204): Checking integrity of voice: es-es, revision: 2
W/TTS     (15204): No checksums for voice: es-es, revision: 2
E/dalvikvm(15204): Could not find class 'android.speech.tts.Voice', referenced from method aql.a
W/dalvikvm(15204): VFY: unable to resolve new-instance 570 (Landroid/speech/tts/Voice;) in Laql;
D/dalvikvm(15204): VFY: replacing opcode 0x22 at 0x00b7
E/dalvikvm(15204): Could not find class 'android.speech.tts.Voice', referenced from method aql.a
W/dalvikvm(15204): VFY: unable to resolve new-instance 570 (Landroid/speech/tts/Voice;) in Laql;
D/dalvikvm(15204): VFY: replacing opcode 0x22 at 0x01c2
E/dalvikvm(15204): Could not find class 'android.speech.tts.Voice', referenced from method aql.a
W/dalvikvm(15204): VFY: unable to resolve new-instance 570 (Landroid/speech/tts/Voice;) in Laql;
D/dalvikvm(15204): VFY: replacing opcode 0x22 at 0x01f9
D/dalvikvm(15204): DexOpt: unable to opt direct call 0x0960 at 0xeb in Laql;.a
D/dalvikvm(15204): DexOpt: unable to opt direct call 0x0960 at 0x125 in Laql;.a
D/dalvikvm(15204): DexOpt: unable to opt direct call 0x0960 at 0x18e in Laql;.a
D/dalvikvm(15204): DexOpt: unable to opt direct call 0x0960 at 0x1e0 in Laql;.a
D/dalvikvm(15204): DexOpt: unable to opt direct call 0x0960 at 0x221 in Laql;.a
I/TTS     (15204): Cache cleared
I/dalvikvm(15204): Could not find method android.speech.tts.SynthesisRequest.getVoiceName, referenced from method com.google.android.tts.service.GoogleTTSService.onSynthesizeText
W/dalvikvm(15204): VFY: unable to resolve virtual method 2387: Landroid/speech/tts/SynthesisRequest;.getVoiceName ()Ljava/lang/String;
D/dalvikvm(15204): VFY: replacing opcode 0x74 at 0x0031
I/dalvikvm(15204): Could not find method android.speech.tts.SynthesisCallback.error, referenced from method com.google.android.tts.service.GoogleTTSService.onSynthesizeText
W/dalvikvm(15204): VFY: unable to resolve interface method 2375: Landroid/speech/tts/SynthesisCallback;.error (I)V
D/dalvikvm(15204): VFY: replacing opcode 0x72 at 0x00d8
I/dalvikvm(15204): Could not find method android.speech.tts.SynthesisCallback.rangeStart, referenced from method com.google.android.tts.service.GoogleTTSService.onSynthesizeText
W/dalvikvm(15204): VFY: unable to resolve interface method 2377: Landroid/speech/tts/SynthesisCallback;.rangeStart (III)V
D/dalvikvm(15204): VFY: replacing opcode 0x72 at 0x01d5
I/TTS     (15204): Creating Google TTS service, version 3.15.18.200023596
I/dalvikvm(15204): Could not find method android.speech.tts.SynthesisCallback.rangeStart, referenced from method apw.a
W/dalvikvm(15204): VFY: unable to resolve interface method 2377: Landroid/speech/tts/SynthesisCallback;.rangeStart (III)V
D/dalvikvm(15204): VFY: replacing opcode 0x72 at 0x0296
I/dalvikvm(15204): Could not find method android.speech.tts.SynthesisRequest.getCharSequenceText, referenced from method ape.<init>
W/dalvikvm(15204): VFY: unable to resolve virtual method 2380: Landroid/speech/tts/SynthesisRequest;.getCharSequenceText ()Ljava/lang/CharSequence;
D/dalvikvm(15204): VFY: replacing opcode 0x74 at 0x0006
I/dalvikvm(15204): Could not find method android.speech.tts.SynthesisRequest.getVoiceName, referenced from method ape.<init>
W/dalvikvm(15204): VFY: unable to resolve virtual method 2387: Landroid/speech/tts/SynthesisRequest;.getVoiceName ()Ljava/lang/String;
D/dalvikvm(15204): VFY: replacing opcode 0x74 at 0x003b
I/TTS     (15204): Initializing es-es-x-ana-lstm-embedded from disk
I/ActivityManager(  764): Process android.process.media (pid 2720) has died.
W/ActivityManager(  764): Scheduling restart of crashed service com.android.providers.media/.MtpService in 1000ms
I/ActivityManager(  764): Process org.telegram.messenger (pid 2407) has died.
W/ActivityManager(  764): Scheduling restart of crashed service org.telegram.messenger/.NotificationsService in 10869ms
W/native  (15204): phonotactic_grammar_compiler.cc:187 Missing symbol for phoneme: sh
W/native  (15204): phonotactic_grammar_compiler.cc:187 Missing symbol for phoneme: sh
I/ActivityManager(  764): Process com.google.android.calendar (pid 13196) has died.
E/native  (15204): compressed_store.h:386 Read: Failed to read compressed states.
I/TTS     (15204): Done initializing es-es-x-ana-lstm-embedded
I/ActivityManager(  764): Start proc android.process.media for service com.android.providers.media/.MtpService: pid=15244 uid=10005 gids={50005, 1028, 1015, 1023, 1024, 2001, 3003, 3007}
D/MtpService(15244): updating state; isCurrentUser=true, mMtpLocked=false
D/MtpService(15244): addStorageLocked 65537 /storage/emulated/0
D/MtpService(15244): updating state; isCurrentUser=true, mMtpLocked=false
D/MtpService(15244): starting MTP server in MTP mode
D/MtpService(15244): addStorageLocked 65537 /storage/emulated/0
D/dalvikvm(15244): GC_CONCURRENT freed 385K, 3% free 16892K/17308K, paused 2ms+1ms, total 21ms
D/dalvikvm(15244): WAIT_FOR_CONCURRENT_GC blocked 11ms
D/dalvikvm(15244): WAIT_FOR_CONCURRENT_GC blocked 11ms
D/dalvikvm(15244): GC_CONCURRENT freed 252K, 2% free 17060K/17344K, paused 1ms+3ms, total 20ms
D/dalvikvm(15244): GC_CONCURRENT freed 245K, 2% free 17225K/17504K, paused 1ms+1ms, total 13ms
D/dalvikvm(15244): GC_CONCURRENT freed 269K, 2% free 17356K/17660K, paused 2ms+1ms, total 18ms
D/dalvikvm(15244): GC_CONCURRENT freed 271K, 2% free 17494K/17800K, paused 2ms+3ms, total 18ms
D/SystemWebChromeClient(14669): file:///android_asset/www/js/modulos.js: Line 291 : qIndex: 0
I/chromium(14669): [INFO:CONSOLE(291)] "qIndex: 0", source: file:///android_asset/www/js/modulos.js (291)
D/SystemWebChromeClient(14669): file:///android_asset/www/js/modulos.js: Line 295 : a:0
I/chromium(14669): [INFO:CONSOLE(295)] "a:0", source: file:///android_asset/www/js/modulos.js (295)
D/SystemWebChromeClient(14669): file:///android_asset/www/js/modulos.js: Line 152 : [object Object]
I/chromium(14669): [INFO:CONSOLE(152)] "[object Object]", source: file:///android_asset/www/js/modulos.js (152)
D/SystemWebChromeClient(14669): file:///android_asset/www/js/modulos.js: Line 152 : [object Object]
I/chromium(14669): [INFO:CONSOLE(152)] "[object Object]", source: file:///android_asset/www/js/modulos.js (152)
D/SystemWebChromeClient(14669): file:///android_asset/www/js/modulos.js: Line 152 : [object Object]
I/chromium(14669): [INFO:CONSOLE(152)] "[object Object]", source: file:///android_asset/www/js/modulos.js (152)
D/SystemWebChromeClient(14669): file:///android_asset/www/js/modulos.js: Line 165 : 1. ¿Qué significa CPC?
I/chromium(14669): [INFO:CONSOLE(165)] "1. ¿Qué significa CPC?", source: file:///android_asset/www/js/modulos.js (165)
D/dalvikvm(15244): GC_CONCURRENT freed 288K, 2% free 17635K/17956K, paused 1ms+2ms, total 16ms
D/dalvikvm(15244): GC_CONCURRENT freed 295K, 2% free 17766K/18092K, paused 2ms+3ms, total 20ms
D/dalvikvm(15244): GC_CONCURRENT freed 295K, 2% free 17894K/18220K, paused 1ms+2ms, total 18ms
D/SystemWebChromeClient(14669): file:///android_asset/www/js/modulos.js: Line 79 : Data: 
D/SystemWebChromeClient(14669): Status: success
I/chromium(14669): [INFO:CONSOLE(79)] "Data: 
I/chromium(14669): Status: success", source: file:///android_asset/www/js/modulos.js (79)
D/dalvikvm(15244): GC_CONCURRENT freed 286K, 2% free 18024K/18344K, paused 2ms+2ms, total 14ms
D/dalvikvm(15244): GC_CONCURRENT freed 272K, 2% free 18154K/18460K, paused 2ms+17ms, total 39ms
D/dalvikvm(15244): GC_CONCURRENT freed 273K, 2% free 18292K/18600K, paused 10ms+3ms, total 31ms
D/SystemWebChromeClient(14669): file:///android_asset/www/js/modulos.js: Line 405 : undefined
I/chromium(14669): [INFO:CONSOLE(405)] "undefined", source: file:///android_asset/www/js/modulos.js (405)
D/SystemWebChromeClient(14669): file:///android_asset/www/js/modulos.js: Line 417 : aca
I/chromium(14669): [INFO:CONSOLE(417)] "aca", source: file:///android_asset/www/js/modulos.js (417)
D/SystemWebChromeClient(14669): file:///android_asset/www/js/modulos.js: Line 418 : [object Object]
I/chromium(14669): [INFO:CONSOLE(418)] "[object Object]", source: file:///android_asset/www/js/modulos.js (418)
D/SystemWebChromeClient(14669): file:///android_asset/www/js/modulos.js: Line 420 : [object Object]
I/chromium(14669): [INFO:CONSOLE(420)] "[object Object]", source: file:///android_asset/www/js/modulos.js (420)
D/SystemWebChromeClient(14669): file:///android_asset/www/js/modulos.js: Line 422 : [object Object],[object Object],[object Object],[object Object],[object Object],[object Object],[object Object],[object Object],[object Object],[object Object],[object Object],[object Object],[object Object],[object Object],[object Object],[object Object],[object Object],[object Object],[object Object],[object Object],[object Object],[object Object],[object Object],[object Object]
I/chromium(14669): [INFO:CONSOLE(422)] "[object Object],[object Object],[object Object],[object Object],[object Object],[object Object],[object Object],[object Object],[object Object],[object Object],[object Object],[object Object],[object Object],[object Object],[object Object],[object Object],[object Object],[object Object],[object Object],[object Object],[object Object],[object Object],[object Object],[object Object]", source: file:///android_asset/www/js/modulos.js (422)
D/SystemWebChromeClient(14669): file:///android_asset/www/js/modulos.js: Line 438 : [object Object]
I/chromium(14669): [INFO:CONSOLE(438)] "[object Object]", source: file:///android_asset/www/js/modulos.js (438)
D/SystemWebChromeClient(14669): file:///android_asset/www/js/modulos.js: Line 464 : 0
I/chromium(14669): [INFO:CONSOLE(464)] "0", source: file:///android_asset/www/js/modulos.js (464)
D/SystemWebChromeClient(14669): file:///android_asset/www/js/modulos.js: Line 64 : loadvideo
I/chromium(14669): [INFO:CONSOLE(64)] "loadvideo", source: file:///android_asset/www/js/modulos.js (64)
D/SystemWebChromeClient(14669): file:///android_asset/www/index_real.html: Line 0 : Refused to frame 'https://www.youtube.com/embed/jZIgiGN_pik?autoplay=1&controls=1&autohide=1&showinfo=0&rel=0&loop=0&enablejsapi=1&widgetid=1' because it violates the following Content Security Policy directive: "default-src 'self' https://noembed.com http://demotorescampus.com/admin/ http://demotorescampus.com http://www.youtube.com https://s.ytimg.com/ http://s.ytimg.com/yts/jsbin/www-widgetapi-vfliGbzFc/ data: gap: ws: 'unsafe-inline' https://ssl.gstatic.com 'unsafe-eval'". Note that 'frame-src' was not explicitly set, so 'default-src' is used as a fallback.
I/chromium(14669): [INFO:CONSOLE(0)] "Refused to frame 'https://www.youtube.com/embed/jZIgiGN_pik?autoplay=1&controls=1&autohide=1&showinfo=0&rel=0&loop=0&enablejsapi=1&widgetid=1' because it violates the following Content Security Policy directive: "default-src 'self' https://noembed.com http://demotorescampus.com/admin/ http://demotorescampus.com http://www.youtube.com https://s.ytimg.com/ http://s.ytimg.com/yts/jsbin/www-widgetapi-vfliGbzFc/ data: gap: ws: 'unsafe-inline' https://ssl.gstatic.com 'unsafe-eval'". Note that 'frame-src' was not explicitly set, so 'default-src' is used as a fallback.
I/chromium(14669): ", source: file:///android_asset/www/index_real.html (0)
D/SystemWebChromeClient(14669): : Line 0 : Failed to execute 'postMessage' on 'DOMWindow': The target origin provided ('https://www.youtube.com') does not match the recipient window's origin ('file://').
I/chromium(14669): [INFO:CONSOLE(0)] "Failed to execute 'postMessage' on 'DOMWindow': The target origin provided ('https://www.youtube.com') does not match the recipient window's origin ('file://').", source:  (0)
D/SystemWebChromeClient(14669): : Line 0 : Failed to execute 'postMessage' on 'DOMWindow': The target origin provided ('https://www.youtube.com') does not match the recipient window's origin ('file://').
I/chromium(14669): [INFO:CONSOLE(0)] "Failed to execute 'postMessage' on 'DOMWindow': The target origin provided ('https://www.youtube.com') does not match the recipient window's origin ('file://').", source:  (0)
D/SystemWebChromeClient(14669): : Line 0 : Failed to execute 'postMessage' on 'DOMWindow': The target origin provided ('https://www.youtube.com') does not match the recipient window's origin ('file://').
I/chromium(14669): [INFO:CONSOLE(0)] "Failed to execute 'postMessage' on 'DOMWindow': The target origin provided ('https://www.youtube.com') does not match the recipient window's origin ('file://').", source:  (0)
D/SystemWebChromeClient(14669): : Line 0 : Failed to execute 'postMessage' on 'DOMWindow': The target origin provided ('https://www.youtube.com') does not match the recipient window's origin ('file://').
I/chromium(14669): [INFO:CONSOLE(0)] "Failed to execute 'postMessage' on 'DOMWindow': The target origin provided ('https://www.youtube.com') does not match the recipient window's origin ('file://').", source:  (0)
D/SystemWebChromeClient(14669): : Line 0 : Failed to execute 'postMessage' on 'DOMWindow': The target origin provided ('https://www.youtube.com') does not match the recipient window's origin ('file://').
I/chromium(14669): [INFO:CONSOLE(0)] "Failed to execute 'postMessage' on 'DOMWindow': The target origin provided ('https://www.youtube.com') does not match the recipient window's origin ('file://').", source:  (0)
D/SystemWebChromeClient(14669): : Line 0 : Failed to execute 'postMessage' on 'DOMWindow': The target origin provided ('https://www.youtube.com') does not match the recipient window's origin ('file://').
I/chromium(14669): [INFO:CONSOLE(0)] "Failed to execute 'postMessage' on 'DOMWindow': The target origin provided ('https://www.youtube.com') does not match the recipient window's origin ('file://').", source:  (0)
D/SystemWebChromeClient(14669): : Line 0 : Failed to execute 'postMessage' on 'DOMWindow': The target origin provided ('https://www.youtube.com') does not match the recipient window's origin ('file://').
I/chromium(14669): [INFO:CONSOLE(0)] "Failed to execute 'postMessage' on 'DOMWindow': The target origin provided ('https://www.youtube.com') does not match the recipient window's origin ('file://').", source:  (0)
D/SystemWebChromeClient(14669): : Line 0 : Failed to execute 'postMessage' on 'DOMWindow': The target origin provided ('https://www.youtube.com') does not match the recipient window's origin ('file://').
I/chromium(14669): [INFO:CONSOLE(0)] "Failed to execute 'postMessage' on 'DOMWindow': The target origin provided ('https://www.youtube.com') does not match the recipient window's origin ('file://').", source:  (0)
D/SystemWebChromeClient(14669): : Line 0 : Failed to execute 'postMessage' on 'DOMWindow': The target origin provided ('https://www.youtube.com') does not match the recipient window's origin ('file://').
I/chromium(14669): [INFO:CONSOLE(0)] "Failed to execute 'postMessage' on 'DOMWindow': The target origin provided ('https://www.youtube.com') does not match the recipient window's origin ('file://').", source:  (0)
D/SystemWebChromeClient(14669): : Line 0 : Failed to execute 'postMessage' on 'DOMWindow': The target origin provided ('https://www.youtube.com') does not match the recipient window's origin ('file://').
I/chromium(14669): [INFO:CONSOLE(0)] "Failed to execute 'postMessage' on 'DOMWindow': The target origin provided ('https://www.youtube.com') does not match the recipient window's origin ('file://').", source:  (0)
D/SystemWebChromeClient(14669): : Line 0 : Failed to execute 'postMessage' on 'DOMWindow': The target origin provided ('https://www.youtube.com') does not match the recipient window's origin ('file://').
I/chromium(14669): [INFO:CONSOLE(0)] "Failed to execute 'postMessage' on 'DOMWindow': The target origin provided ('https://www.youtube.com') does not match the recipient window's origin ('file://').", source:  (0)
D/SystemWebChromeClient(14669): : Line 0 : Failed to execute 'postMessage' on 'DOMWindow': The target origin provided ('https://www.youtube.com') does not match the recipient window's origin ('file://').
I/chromium(14669): [INFO:CONSOLE(0)] "Failed to execute 'postMessage' on 'DOMWindow': The target origin provided ('https://www.youtube.com') does not match the recipient window's origin ('file://').", source:  (0)
D/SystemWebChromeClient(14669): : Line 0 : Failed to execute 'postMessage' on 'DOMWindow': The target origin provided ('https://www.youtube.com') does not match the recipient window's origin ('file://').
I/chromium(14669): [INFO:CONSOLE(0)] "Failed to execute 'postMessage' on 'DOMWindow': The target origin provided ('https://www.youtube.com') does not match the recipient window's origin ('file://').", source:  (0)
D/SystemWebChromeClient(14669): : Line 0 : Failed to execute 'postMessage' on 'DOMWindow': The target origin provided ('https://www.youtube.com') does not match the recipient window's origin ('file://').
I/chromium(14669): [INFO:CONSOLE(0)] "Failed to execute 'postMessage' on 'DOMWindow': The target origin provided ('https://www.youtube.com') does not match the recipient window's origin ('file://').", source:  (0)
D/SystemWebChromeClient(14669): : Line 0 : Failed to execute 'postMessage' on 'DOMWindow': The target origin provided ('https://www.youtube.com') does not match the recipient window's origin ('file://').
I/chromium(14669): [INFO:CONSOLE(0)] "Failed to execute 'postMessage' on 'DOMWindow': The target origin provided ('https://www.youtube.com') does not match the recipient window's origin ('file://').", source:  (0)
D/SystemWebChromeClient(14669): : Line 0 : Failed to execute 'postMessage' on 'DOMWindow': The target origin provided ('https://www.youtube.com') does not match the recipient window's origin ('file://').
I/chromium(14669): [INFO:CONSOLE(0)] "Failed to execute 'postMessage' on 'DOMWindow': The target origin provided ('https://www.youtube.com') does not match the recipient window's origin ('file://').", source:  (0)
D/SystemWebChromeClient(14669): : Line 0 : Failed to execute 'postMessage' on 'DOMWindow': The target origin provided ('https://www.youtube.com') does not match the recipient window's origin ('file://').
I/chromium(14669): [INFO:CONSOLE(0)] "Failed to execute 'postMessage' on 'DOMWindow': The target origin provided ('https://www.youtube.com') does not match the recipient window's origin ('file://').", source:  (0)
D/SystemWebChromeClient(14669): : Line 0 : Failed to execute 'postMessage' on 'DOMWindow': The target origin provided ('https://www.youtube.com') does not match the recipient window's origin ('file://').
I/chromium(14669): [INFO:CONSOLE(0)] "Failed to execute 'postMessage' on 'DOMWindow': The target origin provided ('https://www.youtube.com') does not match the recipient window's origin ('file://').", source:  (0)
D/SystemWebChromeClient(14669): : Line 0 : Failed to execute 'postMessage' on 'DOMWindow': The target origin provided ('https://www.youtube.com') does not match the recipient window's origin ('file://').
I/chromium(14669): [INFO:CONSOLE(0)] "Failed to execute 'postMessage' on 'DOMWindow': The target origin provided ('https://www.youtube.com') does not match the recipient window's origin ('file://').", source:  (0)
D/SystemWebChromeClient(14669): : Line 0 : Failed to execute 'postMessage' on 'DOMWindow': The target origin provided ('https://www.youtube.com') does not match the recipient window's origin ('file://').
I/chromium(14669): [INFO:CONSOLE(0)] "Failed to execute 'postMessage' on 'DOMWindow': The target origin provided ('https://www.youtube.com') does not match the recipient window's origin ('file://').", source:  (0)
D/SystemWebChromeClient(14669): : Line 0 : Failed to execute 'postMessage' on 'DOMWindow': The target origin provided ('https://www.youtube.com') does not match the recipient window's origin ('file://').
I/chromium(14669): [INFO:CONSOLE(0)] "Failed to execute 'postMessage' on 'DOMWindow': The target origin provided ('https://www.youtube.com') does not match the recipient window's origin ('file://').", source:  (0)
I/ActivityManager(  764): Start proc org.telegram.messenger for service org.telegram.messenger/.NotificationsService: pid=15354 uid=10118 gids={50118, 3003, 1028, 1015}
I/dalvikvm(15354): Could not find method android.content.pm.PackageManager.getPackageInstaller, referenced from method com.google.android.gms.common.zze.zzi
W/dalvikvm(15354): VFY: unable to resolve virtual method 576: Landroid/content/pm/PackageManager;.getPackageInstaller ()Landroid/content/pm/PackageInstaller;
D/dalvikvm(15354): VFY: replacing opcode 0x6e at 0x000b
I/GMPM    (15354): App measurement is starting up, version: 8487
I/GMPM    (15354): To enable debug logging run: adb shell setprop log.tag.GMPM VERBOSE
D/dalvikvm(15354): DexOpt: couldn't find static field Landroid/os/Build;.SUPPORTED_ABIS
W/dalvikvm(15354): VFY: unable to resolve static field 167 (SUPPORTED_ABIS) in Landroid/os/Build;
D/dalvikvm(15354): VFY: replacing opcode 0x62 at 0x0006
D/dalvikvm(15354): GC_CONCURRENT freed 281K, 2% free 16927K/17240K, paused 3ms+2ms, total 19ms
D/dalvikvm(15354): Trying to load lib /data/app-lib/org.telegram.messenger-1/libtmessages.22.so 0x425fd040
D/dalvikvm(15354): Added shared lib /data/app-lib/org.telegram.messenger-1/libtmessages.22.so 0x425fd040
