W/dalvikvm(16030): Unable to resolve superclass of Lcom/weather/airlock/AirlockSyncConfigJob; (69)
W/dalvikvm(16030): Link of class 'Lcom/weather/airlock/AirlockSyncConfigJob;' failed
I/dalvikvm(16030): Could not find method com.weather.airlock.AirlockSyncConfigJob.scheduleJob, referenced from method com.weather.airlock.AirlockSyncConfigBroadcastReceiver.initialize
W/dalvikvm(16030): VFY: unable to resolve static method 46657: Lcom/weather/airlock/AirlockSyncConfigJob;.scheduleJob (IJZ)V
D/dalvikvm(16030): VFY: replacing opcode 0x71 at 0x0029
I/PowerManagerService(  764): Going to sleep by user request...
V/MapboxTelemetry(16030): Initializing telemetry.
V/MapboxTelemetry(16030): Enabling telemetry.
D/dalvikvm(16030): Trying to load lib /data/app-lib/com.weather.Weather-2/libmapbox-gl.so 0x425ffdf0
D/dalvikvm(16030): Added shared lib /data/app-lib/com.weather.Weather-2/libmapbox-gl.so 0x425ffdf0
I/Finsky  (12652): [1] com.google.android.finsky.scheduler.FirebaseJobDispatcherEngine$FirebaseJobDispatcherService.a(10): onFirebaseJobDispatcherWakeup
D/dalvikvm(16030): Trying to load lib /data/app-lib/com.weather.Weather-2/libmapbox-gl.so 0x425ffdf0
D/dalvikvm(16030): Shared lib '/data/app-lib/com.weather.Weather-2/libmapbox-gl.so' already loaded in same CL 0x425ffdf0
I/dalvikvm(16030): threadid=1: recursive native library load attempt (/data/app-lib/com.weather.Weather-2/libmapbox-gl.so)
I/Finsky  (12652): [1] com.google.android.finsky.scheduler.ad.a(41): Scheduling fallback in 43199992 (absolute: 325579060)
I/Finsky  (12652): [1] com.google.android.finsky.scheduler.ad.a(41): Scheduling fallback in 64799995 (absolute: 347179069)
I/Finsky  (12652): [1] com.google.android.finsky.scheduler.ag.a(214): Will halt after 600000
D/dalvikvm(  986): GC_CONCURRENT freed 4353K, 18% free 25284K/30820K, paused 5ms+6ms, total 67ms
I/Finsky  (12652): [1] com.google.android.finsky.scheduler.al.handleMessage(16): DeviceState: DeviceState{currentTime=1551206459274, isCharging=true, isIdle=true, netAny=true, netNotRoaming=true, netUnmetered=true}
I/Finsky  (12652): [2399] com.google.android.finsky.scheduler.br.b(90): Jobs in database: 1-1337 12-1 23-0 26-1414141414 
D/dalvikvm(16030): Trying to load lib /data/app-lib/com.weather.Weather-2/libmapbox-gl.so 0x425ffdf0
D/dalvikvm(16030): Shared lib '/data/app-lib/com.weather.Weather-2/libmapbox-gl.so' already loaded in same CL 0x425ffdf0
I/dalvikvm(16030): threadid=1: recursive native library load attempt (/data/app-lib/com.weather.Weather-2/libmapbox-gl.so)
D/dalvikvm(16030): Trying to load lib /data/app-lib/com.weather.Weather-2/libmapbox-gl.so 0x425ffdf0
D/dalvikvm(16030): Shared lib '/data/app-lib/com.weather.Weather-2/libmapbox-gl.so' already loaded in same CL 0x425ffdf0
I/dalvikvm(16030): threadid=1: recursive native library load attempt (/data/app-lib/com.weather.Weather-2/libmapbox-gl.so)
I/Finsky  (12652): [1] com.google.android.finsky.scheduler.ag.a(61): Running job: 12-1
W/Settings(16030): Setting airplane_mode_on has moved from android.provider.Settings.System to android.provider.Settings.Global, returning read-only value.
I/Finsky  (12652): [1] com.google.android.finsky.contentsync.ContentSyncJob.a(24): ContentSyncJob started
I/Finsky  (12652): [1] com.google.android.finsky.scheduler.ag.a(108): RunningQueue size: 1, PendingQueue size: 0
I/Finsky  (12652): [1] com.google.android.finsky.scheduler.ag.a(119): Running queue: 12-1 
W/MessengerIpcClient(16030): Invalid interface descriptor: com.google.android.gms.iid.IMessengerCompat
I/Finsky  (12652): [2104] com.google.android.finsky.p.l.a(20): Completed 0 account content syncs with 0 successful.
I/Finsky  (12652): [1] com.google.android.finsky.contentsync.ContentSyncJob.a(22): Installation state replication succeeded.
I/Finsky  (12652): [1] com.google.android.finsky.scheduler.bm.b(8): jobFinished: 12-1. TimeElapsed: 11ms
I/Finsky  (12652): [1] com.google.android.finsky.scheduler.ag.a(142): Job 12-1 finished
E/FirebaseInstanceId(16030): Token retrieval failed: SERVICE_NOT_AVAILABLE
I/Finsky  (12652): [1] com.google.android.finsky.scheduler.ag.a(108): RunningQueue size: 0, PendingQueue size: 0
I/Finsky  (12652): [1] com.google.android.finsky.scheduler.al.handleMessage(42): Executor finished
I/dalvikvm(16030): Could not find method java.net.HttpURLConnection.getContentLengthLong, referenced from method okhttp3.internal.huc.DelegatingHttpsURLConnection.getContentLengthLong
W/dalvikvm(16030): VFY: unable to resolve virtual method 2192: Ljava/net/HttpURLConnection;.getContentLengthLong ()J
D/dalvikvm(16030): VFY: replacing opcode 0x6e at 0x0002
I/dalvikvm(16030): Could not find method java.net.HttpURLConnection.getHeaderFieldLong, referenced from method okhttp3.internal.huc.DelegatingHttpsURLConnection.getHeaderFieldLong
W/dalvikvm(16030): VFY: unable to resolve virtual method 2205: Ljava/net/HttpURLConnection;.getHeaderFieldLong (Ljava/lang/String;J)J
D/dalvikvm(16030): VFY: replacing opcode 0x6e at 0x0002
V/TelemetryService(16030): Create event.
V/TelemetryService(16030): Start command event.
I/AlertRegistrationService(16030): (TwcGeneral) Storing registrationId=f00_kWSn2HM:APA91bHTmZWVBP4NlSFCFuzs4KBeVxAY6kl58Nju2ilWdJUFh_HfaS8xOgCs3of2GCLKHQ9yn9-4QGSSdA0b9oMMnDX4ouH19nGtc_JxCqQyVDr3fO-DYAhV1ci4JbK5aJm6tAxVmQjJ, for channel=gcm
I/dalvikvm(16030): Could not find method android.webkit.WebSettings.setMixedContentMode, referenced from method com.moat.analytics.mobile.twc.g.<init>
W/dalvikvm(16030): VFY: unable to resolve virtual method 2196: Landroid/webkit/WebSettings;.setMixedContentMode (I)V
D/dalvikvm(16030): VFY: replacing opcode 0x6e at 0x005e
V/WebViewChromiumFactoryProvider(16030): Binding Chromium to main looper Looper (main, tid 1) {425f8980}
I/LibraryLoader(16030): Expected native library version number "",actual native library version number ""
I/chromium(16030): [INFO:library_loader_hooks.cc(116)] Chromium logging enabled: level = 0, default verbosity = 0
I/BrowserStartupController(16030): Initializing chromium process, renderers=0
I/Finsky  (12652): [1] com.google.android.finsky.scheduler.br.b(90): Jobs in database: 1-1337 23-0 26-1414141414 
I/Finsky  (12652): [1] com.google.android.finsky.scheduler.k.a(69): ConstraintMapping: 1-1337, 23-0,  -> L: 7868278ms, D: 22268278ms, C: false, I: false, N: 1
I/Finsky  (12652): [1] com.google.android.finsky.scheduler.k.a(69): ConstraintMapping: 26-1414141414,  -> L: 21433990ms, D: 22333990ms, C: false, I: false, N: 0
I/Finsky  (12652): [1] com.google.android.finsky.scheduler.FirebaseJobDispatcherEngine.a(29): Scheduling job with id: Id: job-9000, Constraints: [2], Trigger: Min: 7868 (s), Max: 22268 (s)
I/Finsky  (12652): [1] com.google.android.finsky.scheduler.FirebaseJobDispatcherEngine.a(29): Scheduling job with id: Id: job-9001, Constraints: [], Trigger: Min: 21433 (s), Max: 22333 (s)
E/AudioManagerAndroid(16030): BLUETOOTH permission is missing!
I/Adreno-EGL(16030): <qeglDrvAPI_eglInitialize:320>: EGL 1.4 QUALCOMM Build: I0404c4692afb8623f95c43aeb6d5e13ed4b30ddbDate: 11/06/13
D/dalvikvm(16030): GC_CONCURRENT freed 1800K, 20% free 24401K/30200K, paused 3ms+9ms, total 62ms
W/chromium(16030): [WARNING:proxy_service.cc(890)] PAC support disabled because there is no system implementation
D/SurfaceFlinger(  180): Screen released, type=0 flinger=0xb710f450
D/qdhwcomposer(  180): hwc_blank: Blanking display: 0
D/qdhwcomposer(  180): hwc_blank: Done blanking display: 0
D/SurfaceControl(  764): Excessive delay in blankDisplay() while turning screen off: 287ms
V/KeyguardHostView(  859): Initial transport state: 0, pbstate=2
V/KeyguardHostView(  859): hide transport, gen:211
V/KeyguardHostView(  859): music state changed: 2
D/audio_hw_primary(  183): out_set_parameters: enter: usecase(1: low-latency-playback) kvpairs: routing=2
I/GoogleInputMethod(  974): onFinishInput() : Dummy InputConnection bound
I/GoogleInputMethod(  974): onStartInput() : Dummy InputConnection bound
D/audio_hw_primary(  183): select_devices: out_snd_device(2: speaker) in_snd_device(0: )
W/View    (  859): requestLayout() improperly called by android.widget.TextClock{43cc1f10 V.ED.... ......ID 157,0-724,320 #7f0a0047 app:id/clock_view} during layout: running second layout pass
W/View    (  859): requestLayout() improperly called by android.widget.TextClock{43e15990 V.ED.... ......ID 176,0-461,57 #7f0a004c app:id/date_view} during layout: running second layout pass
W/View    (  859): requestLayout() improperly called by android.widget.TextView{4289af88 V.ED.... ......ID 485,0-705,57 #7f0a004d app:id/alarm_status} during layout: running second layout pass
D/PhoneStatusBar(  859): disable: < EXPAND* icons alerts TICKER* system_info BACK* HOME* RECENT* CLOCK* search >
I/DeviceStatusMonitor(  974): onReceive() : Action = android.intent.action.SCREEN_OFF
I/GoogleInputMethod(  974): onReceive() : Action = android.intent.action.SCREEN_OFF
D/dalvikvm( 3651): GC_CONCURRENT freed 386K, 4% free 17201K/17756K, paused 1ms+4ms, total 29ms
I/ActivityManager(  764): Waited long enough for: ServiceRecord{43c06510 u0 com.weather.Weather/com.mapbox.services.android.telemetry.service.TelemetryService}
W/MessengerIpcClient(16030): Invalid interface descriptor: com.google.android.gms.iid.IMessengerCompat
E/FirebaseInstanceId(16030): Token retrieval failed: SERVICE_NOT_AVAILABLE
D/PlatformAlarmService(32658): Run job, request{id=227917, tag=ScribeFlushJob, transient=false}, waited 00:01:22, start 00:01:00, end 00:06:00
I/JobExecutor(32658): Executing request{id=227917, tag=ScribeFlushJob, transient=false}, context PlatformAlarmService
I/JobExecutor(32658): Finished job{id=227917, finished=true, result=SUCCESS, canceled=false, periodic=false, class=n, tag=ScribeFlushJob}
D/PlatformAlarmService(32658): Finished job, request{id=227917, tag=ScribeFlushJob, transient=false} SUCCESS
E/WifiStateMachine(  764): scanCount==0 - aborting
D/WifiStateMachine(  764): VerifyingLinkState enter
I/GeofencerStateMachine(  986): sendWifiConnectivityChanged: connectivity=false
D/WifiStateMachine(  764): VerifyingLinkState GOOD_LINK_DETECTED: transition to captive portal check
D/WifiStateMachine(  764): CaptivePortalCheckState enter
D/WifiStateMachine(  764): CaptivePortalCheckState CMD_CAPTIVE_CHECK_COMPLETE
D/ConnectivityService(  764): Captive portal check NetworkInfo: type: WIFI[], state: CONNECTING/CAPTIVE_PORTAL_CHECK, reason: (unspecified), extra: "Fibertel WiFi972", roaming: false, failover: false, isAvailable: true, isConnectedToProvisioningNetwork: false
D/ConnectivityService(  764): handleCaptivePortalTrackerCheck: call captivePortalCheckComplete ni=NetworkInfo: type: WIFI[], state: CONNECTING/CAPTIVE_PORTAL_CHECK, reason: (unspecified), extra: "Fibertel WiFi972", roaming: false, failover: false, isAvailable: true, isConnectedToProvisioningNetwork: false
D/ConnectivityService(  764): ConnectivityChange for WIFI: CONNECTED/CONNECTED
E/ConnectivityService(  764): Unexpected mtu value: android.net.wifi.WifiStateTracker@42f60fd8
I/GeofencerStateMachine(  986): sendWifiConnectivityChanged: connectivity=true
D/ConnectivityService(  764): handleConnectivityChange: address are the same reset per doReset linkProperty[1]: resetMask=0
D/Nat464Xlat(  764): requiresClat: netType=1, hasIPv4Address=true
D/MobileDataStateTracker(  764): default: setPolicyDataEnable(enabled=true)
D/MobileDataStateTracker(  764): default: setPolicyDataEnable(enabled=true)
D/ConnectivityService(  764): NetTransition Wakelock for ConnectedState released by timeout
D/Tethering(  764): MasterInitialState.processMessage what=3
D/Event   (25987): No subscribers registered for event class com.whatsapp.n.c
D/Event   (25987): No subscribers registered for event class b.a.a.g
D/dalvikvm(15354): GC_CONCURRENT freed 770K, 5% free 17546K/18356K, paused 3ms+6ms, total 28ms
D/dalvikvm(15244): GC_CONCURRENT freed 308K, 2% free 18375K/18716K, paused 3ms+8ms, total 19ms
I/ActivityManager(  764): Start proc com.google.android.apps.plus for broadcast com.google.android.apps.plus/com.google.android.libraries.social.autobackup.AutoBackupEnvironment$ConnectivityReceiver: pid=16377 uid=10063 gids={50063, 3003, 1028, 1015}
I/dalvikvm(16377): Could not find method android.os.Process.getStartElapsedRealtime, referenced from method urg.onCreate
W/dalvikvm(16377): VFY: unable to resolve static method 7703: Landroid/os/Process;.getStartElapsedRealtime ()J
D/dalvikvm(16377): VFY: replacing opcode 0x71 at 0x000b
I/dalvikvm(16377): Could not find method android.animation.ObjectAnimator.ofObject, referenced from method am.a
W/dalvikvm(16377): VFY: unable to resolve static method 6194: Landroid/animation/ObjectAnimator;.ofObject (Ljava/lang/Object;Landroid/util/Property;Landroid/animation/TypeConverter;Landroid/graphics/Path;)Landroid/animation/ObjectAnimator;
D/dalvikvm(16377): VFY: replacing opcode 0x71 at 0x0007
D/dalvikvm(16377): DexOpt: couldn't find field Landroid/view/inputmethod/EditorInfo;.contentMimeTypes
W/dalvikvm(16377): VFY: unable to resolve instance field 6064
D/dalvikvm(16377): VFY: replacing opcode 0x54 at 0x0025
D/dalvikvm(15244): GC_CONCURRENT freed 1838K, 10% free 16975K/18848K, paused 0ms+1ms, total 11ms
I/dalvikvm(16377): Could not find method android.content.Context.getExternalMediaDirs, referenced from method pb.a
W/dalvikvm(16377): VFY: unable to resolve virtual method 725: Landroid/content/Context;.getExternalMediaDirs ()[Ljava/io/File;
D/dalvikvm(16377): VFY: replacing opcode 0x6e at 0x008c
D/dalvikvm(16377): GC_CONCURRENT freed 320K, 3% free 16889K/17240K, paused 1ms+4ms, total 17ms
D/dalvikvm(15244): GC_CONCURRENT freed 214K, 9% free 17176K/18848K, paused 2ms+2ms, total 17ms
D/dalvikvm(16377): GC_CONCURRENT freed 295K, 2% free 17038K/17364K, paused 5ms+3ms, total 22ms
E/dalvikvm(16377): Could not find class 'com.google.common.flogger.backend.google.GooglePlatform', referenced from method vhi.c
W/dalvikvm(16377): VFY: unable to resolve const-class 4169 (Lcom/google/common/flogger/backend/google/GooglePlatform;) in Lvhi;
D/dalvikvm(16377): VFY: replacing opcode 0x1c at 0x0014
I/dalvikvm(16377): Could not find method android.os.Process.isApplicationUid, referenced from method ugn.b
W/dalvikvm(16377): VFY: unable to resolve static method 7704: Landroid/os/Process;.isApplicationUid (I)Z
D/dalvikvm(16377): VFY: replacing opcode 0x71 at 0x000b
D/dalvikvm(16377): GC_CONCURRENT freed 284K, 2% free 17230K/17548K, paused 3ms+5ms, total 22ms
D/dalvikvm(15244): GC_CONCURRENT freed 275K, 9% free 17313K/18848K, paused 0ms+1ms, total 10ms
D/dalvikvm(16377): GC_CONCURRENT freed 290K, 2% free 17448K/17772K, paused 4ms+2ms, total 20ms
D/dalvikvm(15244): GC_CONCURRENT freed 261K, 8% free 17437K/18848K, paused 2ms+2ms, total 12ms
D/dalvikvm(16377): GC_CONCURRENT freed 226K, 2% free 17611K/17872K, paused 2ms+4ms, total 15ms
D/ConnectivityService(  764): handleInetConditionHoldEnd: net=1, condition=100, published condition=0
D/dalvikvm(15244): GC_CONCURRENT freed 269K, 7% free 17570K/18848K, paused 2ms+1ms, total 14ms
D/dalvikvm(16377): GC_CONCURRENT freed 298K, 2% free 17776K/18108K, paused 2ms+2ms, total 17ms
