D/SystemWebChromeClient(14669): : Line 0 : Failed to execute 'postMessage' on 'DOMWindow': The target origin provided ('https://www.youtube.com') does not match the recipient window's origin ('file://').
I/chromium(14669): [INFO:CONSOLE(0)] "Failed to execute 'postMessage' on 'DOMWindow': The target origin provided ('https://www.youtube.com') does not match the recipient window's origin ('file://').", source:  (0)
D/dalvikvm(  764): GC_EXPLICIT freed 1497K, 32% free 39445K/57596K, paused 2ms+10ms, total 120ms
I/dalvikvm(15354): Could not find method android.content.Context.checkSelfPermission, referenced from method org.telegram.messenger.AndroidUtilities.getAlbumDir
W/dalvikvm(15354): VFY: unable to resolve virtual method 415: Landroid/content/Context;.checkSelfPermission (Ljava/lang/String;)I
D/dalvikvm(15354): VFY: replacing opcode 0x6e at 0x000a
I/dalvikvm(15354): Could not find method android.widget.EdgeEffect.setColor, referenced from method org.telegram.messenger.AndroidUtilities.setListViewEdgeEffectColor
W/dalvikvm(15354): VFY: unable to resolve virtual method 11832: Landroid/widget/EdgeEffect;.setColor (I)V
D/dalvikvm(15354): VFY: replacing opcode 0x6e at 0x001a
I/dalvikvm(15354): Could not find method android.widget.EdgeEffect.setColor, referenced from method org.telegram.messenger.AndroidUtilities.setListViewEdgeEffectColor
W/dalvikvm(15354): VFY: unable to resolve virtual method 11832: Landroid/widget/EdgeEffect;.setColor (I)V
D/dalvikvm(15354): VFY: replacing opcode 0x6e at 0x0031
D/dalvikvm(15354): GC_CONCURRENT freed 274K, 2% free 17050K/17356K, paused 3ms+2ms, total 22ms
D/SystemWebChromeClient(14669): : Line 0 : Failed to execute 'postMessage' on 'DOMWindow': The target origin provided ('https://www.youtube.com') does not match the recipient window's origin ('file://').
I/chromium(14669): [INFO:CONSOLE(0)] "Failed to execute 'postMessage' on 'DOMWindow': The target origin provided ('https://www.youtube.com') does not match the recipient window's origin ('file://').", source:  (0)
I/dalvikvm(15354): Could not find method android.content.Context.checkSelfPermission, referenced from method org.telegram.messenger.ContactsController.hasContactsPermission
W/dalvikvm(15354): VFY: unable to resolve virtual method 415: Landroid/content/Context;.checkSelfPermission (Ljava/lang/String;)I
D/dalvikvm(15354): VFY: replacing opcode 0x6e at 0x000c
D/dalvikvm(15354): GC_CONCURRENT freed 370K, 3% free 17099K/17504K, paused 2ms+27ms, total 54ms
I/dalvikvm(15354): Could not find method android.media.MediaCodec.getInputBuffer, referenced from method org.telegram.messenger.MediaController.convertVideo
W/dalvikvm(15354): VFY: unable to resolve virtual method 1090: Landroid/media/MediaCodec;.getInputBuffer (I)Ljava/nio/ByteBuffer;
D/dalvikvm(15354): VFY: replacing opcode 0x6e at 0x04f1
I/dalvikvm(15354): Could not find method android.media.MediaCodec.getOutputBuffer, referenced from method org.telegram.messenger.MediaController.convertVideo
W/dalvikvm(15354): VFY: unable to resolve virtual method 1092: Landroid/media/MediaCodec;.getOutputBuffer (I)Ljava/nio/ByteBuffer;
D/dalvikvm(15354): VFY: replacing opcode 0x6e at 0x0588
E/ActivityThread(15354): Failed to find provider info for com.teslacoilsw.notifier
D/dalvikvm(15354): GC_CONCURRENT freed 334K, 3% free 17278K/17644K, paused 3ms+3ms, total 22ms
D/dalvikvm(15354): WAIT_FOR_CONCURRENT_GC blocked 9ms
D/dalvikvm(15354): WAIT_FOR_CONCURRENT_GC blocked 13ms
D/SystemWebChromeClient(14669): : Line 0 : Failed to execute 'postMessage' on 'DOMWindow': The target origin provided ('https://www.youtube.com') does not match the recipient window's origin ('file://').
I/chromium(14669): [INFO:CONSOLE(0)] "Failed to execute 'postMessage' on 'DOMWindow': The target origin provided ('https://www.youtube.com') does not match the recipient window's origin ('file://').", source:  (0)
D/dalvikvm(15354): GC_CONCURRENT freed 228K, 2% free 17548K/17816K, paused 8ms+3ms, total 29ms
D/dalvikvm(15354): GC_CONCURRENT freed 357K, 3% free 17657K/18056K, paused 1ms+1ms, total 20ms
D/SystemWebChromeClient(14669): : Line 0 : Failed to execute 'postMessage' on 'DOMWindow': The target origin provided ('https://www.youtube.com') does not match the recipient window's origin ('file://').
I/chromium(14669): [INFO:CONSOLE(0)] "Failed to execute 'postMessage' on 'DOMWindow': The target origin provided ('https://www.youtube.com') does not match the recipient window's origin ('file://').", source:  (0)
D/dalvikvm(15354): GC_CONCURRENT freed 288K, 2% free 17815K/18136K, paused 1ms+1ms, total 28ms
D/SystemWebChromeClient(14669): : Line 0 : Failed to execute 'postMessage' on 'DOMWindow': The target origin provided ('https://www.youtube.com') does not match the recipient window's origin ('file://').
I/chromium(14669): [INFO:CONSOLE(0)] "Failed to execute 'postMessage' on 'DOMWindow': The target origin provided ('https://www.youtube.com') does not match the recipient window's origin ('file://').", source:  (0)
I/dalvikvm(15354): Could not find method android.app.Notification$Builder.setLocalOnly, referenced from method com.google.android.gms.common.GooglePlayServicesUtil.zza
W/dalvikvm(15354): VFY: unable to resolve virtual method 294: Landroid/app/Notification$Builder;.setLocalOnly (Z)Landroid/app/Notification$Builder;
D/dalvikvm(15354): VFY: replacing opcode 0x6e at 0x00c8
D/SystemWebChromeClient(14669): : Line 0 : Failed to execute 'postMessage' on 'DOMWindow': The target origin provided ('https://www.youtube.com') does not match the recipient window's origin ('file://').
I/chromium(14669): [INFO:CONSOLE(0)] "Failed to execute 'postMessage' on 'DOMWindow': The target origin provided ('https://www.youtube.com') does not match the recipient window's origin ('file://').", source:  (0)
D/SystemWebChromeClient(14669): : Line 0 : Failed to execute 'postMessage' on 'DOMWindow': The target origin provided ('https://www.youtube.com') does not match the recipient window's origin ('file://').
I/chromium(14669): [INFO:CONSOLE(0)] "Failed to execute 'postMessage' on 'DOMWindow': The target origin provided ('https://www.youtube.com') does not match the recipient window's origin ('file://').", source:  (0)
D/SystemWebChromeClient(14669): : Line 0 : Failed to execute 'postMessage' on 'DOMWindow': The target origin provided ('https://www.youtube.com') does not match the recipient window's origin ('file://').
I/chromium(14669): [INFO:CONSOLE(0)] "Failed to execute 'postMessage' on 'DOMWindow': The target origin provided ('https://www.youtube.com') does not match the recipient window's origin ('file://').", source:  (0)
W/UnimplementedWebViewApi(14669): Unimplemented WebView method onKeyDown called from: android.webkit.WebView.onKeyDown(WebView.java:2178)
D/SystemWebChromeClient(14669): : Line 0 : Failed to execute 'postMessage' on 'DOMWindow': The target origin provided ('https://www.youtube.com') does not match the recipient window's origin ('file://').
I/chromium(14669): [INFO:CONSOLE(0)] "Failed to execute 'postMessage' on 'DOMWindow': The target origin provided ('https://www.youtube.com') does not match the recipient window's origin ('file://').", source:  (0)
D/SystemWebChromeClient(14669): : Line 0 : Failed to execute 'postMessage' on 'DOMWindow': The target origin provided ('https://www.youtube.com') does not match the recipient window's origin ('file://').
I/chromium(14669): [INFO:CONSOLE(0)] "Failed to execute 'postMessage' on 'DOMWindow': The target origin provided ('https://www.youtube.com') does not match the recipient window's origin ('file://').", source:  (0)
D/SystemWebChromeClient(14669): : Line 0 : Failed to execute 'postMessage' on 'DOMWindow': The target origin provided ('https://www.youtube.com') does not match the recipient window's origin ('file://').
I/chromium(14669): [INFO:CONSOLE(0)] "Failed to execute 'postMessage' on 'DOMWindow': The target origin provided ('https://www.youtube.com') does not match the recipient window's origin ('file://').", source:  (0)
D/audio_hw_primary(  183): out_set_parameters: enter: usecase(1: low-latency-playback) kvpairs: routing=2
D/audio_hw_primary(  183): select_devices: out_snd_device(2: speaker) in_snd_device(0: )
D/SystemWebChromeClient(14669): : Line 0 : Failed to execute 'postMessage' on 'DOMWindow': The target origin provided ('https://www.youtube.com') does not match the recipient window's origin ('file://').
I/chromium(14669): [INFO:CONSOLE(0)] "Failed to execute 'postMessage' on 'DOMWindow': The target origin provided ('https://www.youtube.com') does not match the recipient window's origin ('file://').", source:  (0)
D/SystemWebChromeClient(14669): : Line 0 : Failed to execute 'postMessage' on 'DOMWindow': The target origin provided ('https://www.youtube.com') does not match the recipient window's origin ('file://').
I/chromium(14669): [INFO:CONSOLE(0)] "Failed to execute 'postMessage' on 'DOMWindow': The target origin provided ('https://www.youtube.com') does not match the recipient window's origin ('file://').", source:  (0)
D/SystemWebChromeClient(14669): : Line 0 : Failed to execute 'postMessage' on 'DOMWindow': The target origin provided ('https://www.youtube.com') does not match the recipient window's origin ('file://').
I/chromium(14669): [INFO:CONSOLE(0)] "Failed to execute 'postMessage' on 'DOMWindow': The target origin provided ('https://www.youtube.com') does not match the recipient window's origin ('file://').", source:  (0)
D/SystemWebChromeClient(14669): : Line 0 : Failed to execute 'postMessage' on 'DOMWindow': The target origin provided ('https://www.youtube.com') does not match the recipient window's origin ('file://').
I/chromium(14669): [INFO:CONSOLE(0)] "Failed to execute 'postMessage' on 'DOMWindow': The target origin provided ('https://www.youtube.com') does not match the recipient window's origin ('file://').", source:  (0)
D/SystemWebChromeClient(14669): : Line 0 : Failed to execute 'postMessage' on 'DOMWindow': The target origin provided ('https://www.youtube.com') does not match the recipient window's origin ('file://').
I/chromium(14669): [INFO:CONSOLE(0)] "Failed to execute 'postMessage' on 'DOMWindow': The target origin provided ('https://www.youtube.com') does not match the recipient window's origin ('file://').", source:  (0)
D/SystemWebChromeClient(14669): : Line 0 : Failed to execute 'postMessage' on 'DOMWindow': The target origin provided ('https://www.youtube.com') does not match the recipient window's origin ('file://').
I/chromium(14669): [INFO:CONSOLE(0)] "Failed to execute 'postMessage' on 'DOMWindow': The target origin provided ('https://www.youtube.com') does not match the recipient window's origin ('file://').", source:  (0)
D/SystemWebChromeClient(14669): : Line 0 : Failed to execute 'postMessage' on 'DOMWindow': The target origin provided ('https://www.youtube.com') does not match the recipient window's origin ('file://').
I/chromium(14669): [INFO:CONSOLE(0)] "Failed to execute 'postMessage' on 'DOMWindow': The target origin provided ('https://www.youtube.com') does not match the recipient window's origin ('file://').", source:  (0)
D/SystemWebChromeClient(14669): : Line 0 : Failed to execute 'postMessage' on 'DOMWindow': The target origin provided ('https://www.youtube.com') does not match the recipient window's origin ('file://').
I/chromium(14669): [INFO:CONSOLE(0)] "Failed to execute 'postMessage' on 'DOMWindow': The target origin provided ('https://www.youtube.com') does not match the recipient window's origin ('file://').", source:  (0)
D/SystemWebChromeClient(14669): : Line 0 : Failed to execute 'postMessage' on 'DOMWindow': The target origin provided ('https://www.youtube.com') does not match the recipient window's origin ('file://').
I/chromium(14669): [INFO:CONSOLE(0)] "Failed to execute 'postMessage' on 'DOMWindow': The target origin provided ('https://www.youtube.com') does not match the recipient window's origin ('file://').", source:  (0)
D/SystemWebChromeClient(14669): : Line 0 : Failed to execute 'postMessage' on 'DOMWindow': The target origin provided ('https://www.youtube.com') does not match the recipient window's origin ('file://').
I/chromium(14669): [INFO:CONSOLE(0)] "Failed to execute 'postMessage' on 'DOMWindow': The target origin provided ('https://www.youtube.com') does not match the recipient window's origin ('file://').", source:  (0)
D/SystemWebChromeClient(14669): : Line 0 : Failed to execute 'postMessage' on 'DOMWindow': The target origin provided ('https://www.youtube.com') does not match the recipient window's origin ('file://').
I/chromium(14669): [INFO:CONSOLE(0)] "Failed to execute 'postMessage' on 'DOMWindow': The target origin provided ('https://www.youtube.com') does not match the recipient window's origin ('file://').", source:  (0)
D/SystemWebChromeClient(14669): : Line 0 : Failed to execute 'postMessage' on 'DOMWindow': The target origin provided ('https://www.youtube.com') does not match the recipient window's origin ('file://').
I/chromium(14669): [INFO:CONSOLE(0)] "Failed to execute 'postMessage' on 'DOMWindow': The target origin provided ('https://www.youtube.com') does not match the recipient window's origin ('file://').", source:  (0)
D/SystemWebChromeClient(14669): : Line 0 : Failed to execute 'postMessage' on 'DOMWindow': The target origin provided ('https://www.youtube.com') does not match the recipient window's origin ('file://').
I/chromium(14669): [INFO:CONSOLE(0)] "Failed to execute 'postMessage' on 'DOMWindow': The target origin provided ('https://www.youtube.com') does not match the recipient window's origin ('file://').", source:  (0)
D/SystemWebChromeClient(14669): : Line 0 : Failed to execute 'postMessage' on 'DOMWindow': The target origin provided ('https://www.youtube.com') does not match the recipient window's origin ('file://').
I/chromium(14669): [INFO:CONSOLE(0)] "Failed to execute 'postMessage' on 'DOMWindow': The target origin provided ('https://www.youtube.com') does not match the recipient window's origin ('file://').", source:  (0)
D/SystemWebChromeClient(14669): : Line 0 : Failed to execute 'postMessage' on 'DOMWindow': The target origin provided ('https://www.youtube.com') does not match the recipient window's origin ('file://').
I/chromium(14669): [INFO:CONSOLE(0)] "Failed to execute 'postMessage' on 'DOMWindow': The target origin provided ('https://www.youtube.com') does not match the recipient window's origin ('file://').", source:  (0)
D/SystemWebChromeClient(14669): : Line 0 : Failed to execute 'postMessage' on 'DOMWindow': The target origin provided ('https://www.youtube.com') does not match the recipient window's origin ('file://').
I/chromium(14669): [INFO:CONSOLE(0)] "Failed to execute 'postMessage' on 'DOMWindow': The target origin provided ('https://www.youtube.com') does not match the recipient window's origin ('file://').", source:  (0)
D/SystemWebChromeClient(14669): : Line 0 : Failed to execute 'postMessage' on 'DOMWindow': The target origin provided ('https://www.youtube.com') does not match the recipient window's origin ('file://').
I/chromium(14669): [INFO:CONSOLE(0)] "Failed to execute 'postMessage' on 'DOMWindow': The target origin provided ('https://www.youtube.com') does not match the recipient window's origin ('file://').", source:  (0)
D/SystemWebChromeClient(14669): : Line 0 : Failed to execute 'postMessage' on 'DOMWindow': The target origin provided ('https://www.youtube.com') does not match the recipient window's origin ('file://').
I/chromium(14669): [INFO:CONSOLE(0)] "Failed to execute 'postMessage' on 'DOMWindow': The target origin provided ('https://www.youtube.com') does not match the recipient window's origin ('file://').", source:  (0)
D/SystemWebChromeClient(14669): : Line 0 : Failed to execute 'postMessage' on 'DOMWindow': The target origin provided ('https://www.youtube.com') does not match the recipient window's origin ('file://').
I/chromium(14669): [INFO:CONSOLE(0)] "Failed to execute 'postMessage' on 'DOMWindow': The target origin provided ('https://www.youtube.com') does not match the recipient window's origin ('file://').", source:  (0)
D/SystemWebChromeClient(14669): : Line 0 : Failed to execute 'postMessage' on 'DOMWindow': The target origin provided ('https://www.youtube.com') does not match the recipient window's origin ('file://').
I/chromium(14669): [INFO:CONSOLE(0)] "Failed to execute 'postMessage' on 'DOMWindow': The target origin provided ('https://www.youtube.com') does not match the recipient window's origin ('file://').", source:  (0)
D/SystemWebChromeClient(14669): : Line 0 : Failed to execute 'postMessage' on 'DOMWindow': The target origin provided ('https://www.youtube.com') does not match the recipient window's origin ('file://').
I/chromium(14669): [INFO:CONSOLE(0)] "Failed to execute 'postMessage' on 'DOMWindow': The target origin provided ('https://www.youtube.com') does not match the recipient window's origin ('file://').", source:  (0)
D/SystemWebChromeClient(14669): : Line 0 : Failed to execute 'postMessage' on 'DOMWindow': The target origin provided ('https://www.youtube.com') does not match the recipient window's origin ('file://').
I/chromium(14669): [INFO:CONSOLE(0)] "Failed to execute 'postMessage' on 'DOMWindow': The target origin provided ('https://www.youtube.com') does not match the recipient window's origin ('file://').", source:  (0)
D/SystemWebChromeClient(14669): : Line 0 : Failed to execute 'postMessage' on 'DOMWindow': The target origin provided ('https://www.youtube.com') does not match the recipient window's origin ('file://').
I/chromium(14669): [INFO:CONSOLE(0)] "Failed to execute 'postMessage' on 'DOMWindow': The target origin provided ('https://www.youtube.com') does not match the recipient window's origin ('file://').", source:  (0)
D/SystemWebChromeClient(14669): : Line 0 : Failed to execute 'postMessage' on 'DOMWindow': The target origin provided ('https://www.youtube.com') does not match the recipient window's origin ('file://').
I/chromium(14669): [INFO:CONSOLE(0)] "Failed to execute 'postMessage' on 'DOMWindow': The target origin provided ('https://www.youtube.com') does not match the recipient window's origin ('file://').", source:  (0)
D/MobileDataStateTracker(  764): default: setPolicyDataEnable(enabled=true)
D/SystemWebChromeClient(14669): : Line 0 : Failed to execute 'postMessage' on 'DOMWindow': The target origin provided ('https://www.youtube.com') does not match the recipient window's origin ('file://').
I/chromium(14669): [INFO:CONSOLE(0)] "Failed to execute 'postMessage' on 'DOMWindow': The target origin provided ('https://www.youtube.com') does not match the recipient window's origin ('file://').", source:  (0)
D/SystemWebChromeClient(14669): : Line 0 : Failed to execute 'postMessage' on 'DOMWindow': The target origin provided ('https://www.youtube.com') does not match the recipient window's origin ('file://').
I/chromium(14669): [INFO:CONSOLE(0)] "Failed to execute 'postMessage' on 'DOMWindow': The target origin provided ('https://www.youtube.com') does not match the recipient window's origin ('file://').", source:  (0)
D/SystemWebChromeClient(14669): : Line 0 : Failed to execute 'postMessage' on 'DOMWindow': The target origin provided ('https://www.youtube.com') does not match the recipient window's origin ('file://').
I/chromium(14669): [INFO:CONSOLE(0)] "Failed to execute 'postMessage' on 'DOMWindow': The target origin provided ('https://www.youtube.com') does not match the recipient window's origin ('file://').", source:  (0)
D/SystemWebChromeClient(14669): : Line 0 : Failed to execute 'postMessage' on 'DOMWindow': The target origin provided ('https://www.youtube.com') does not match the recipient window's origin ('file://').
I/chromium(14669): [INFO:CONSOLE(0)] "Failed to execute 'postMessage' on 'DOMWindow': The target origin provided ('https://www.youtube.com') does not match the recipient window's origin ('file://').", source:  (0)
D/SystemWebChromeClient(14669): : Line 0 : Failed to execute 'postMessage' on 'DOMWindow': The target origin provided ('https://www.youtube.com') does not match the recipient window's origin ('file://').
I/chromium(14669): [INFO:CONSOLE(0)] "Failed to execute 'postMessage' on 'DOMWindow': The target origin provided ('https://www.youtube.com') does not match the recipient window's origin ('file://').", source:  (0)
D/SystemWebChromeClient(14669): : Line 0 : Failed to execute 'postMessage' on 'DOMWindow': The target origin provided ('https://www.youtube.com') does not match the recipient window's origin ('file://').
I/chromium(14669): [INFO:CONSOLE(0)] "Failed to execute 'postMessage' on 'DOMWindow': The target origin provided ('https://www.youtube.com') does not match the recipient window's origin ('file://').", source:  (0)
D/SystemWebChromeClient(14669): : Line 0 : Failed to execute 'postMessage' on 'DOMWindow': The target origin provided ('https://www.youtube.com') does not match the recipient window's origin ('file://').
I/chromium(14669): [INFO:CONSOLE(0)] "Failed to execute 'postMessage' on 'DOMWindow': The target origin provided ('https://www.youtube.com') does not match the recipient window's origin ('file://').", source:  (0)
D/SystemWebChromeClient(14669): : Line 0 : Failed to execute 'postMessage' on 'DOMWindow': The target origin provided ('https://www.youtube.com') does not match the recipient window's origin ('file://').
I/chromium(14669): [INFO:CONSOLE(0)] "Failed to execute 'postMessage' on 'DOMWindow': The target origin provided ('https://www.youtube.com') does not match the recipient window's origin ('file://').", source:  (0)
D/SystemWebChromeClient(14669): : Line 0 : Failed to execute 'postMessage' on 'DOMWindow': The target origin provided ('https://www.youtube.com') does not match the recipient window's origin ('file://').
I/chromium(14669): [INFO:CONSOLE(0)] "Failed to execute 'postMessage' on 'DOMWindow': The target origin provided ('https://www.youtube.com') does not match the recipient window's origin ('file://').", source:  (0)
D/SystemWebChromeClient(14669): : Line 0 : Failed to execute 'postMessage' on 'DOMWindow': The target origin provided ('https://www.youtube.com') does not match the recipient window's origin ('file://').
I/chromium(14669): [INFO:CONSOLE(0)] "Failed to execute 'postMessage' on 'DOMWindow': The target origin provided ('https://www.youtube.com') does not match the recipient window's origin ('file://').", source:  (0)
D/SystemWebChromeClient(14669): : Line 0 : Failed to execute 'postMessage' on 'DOMWindow': The target origin provided ('https://www.youtube.com') does not match the recipient window's origin ('file://').
I/chromium(14669): [INFO:CONSOLE(0)] "Failed to execute 'postMessage' on 'DOMWindow': The target origin provided ('https://www.youtube.com') does not match the recipient window's origin ('file://').", source:  (0)
D/SystemWebChromeClient(14669): : Line 0 : Failed to execute 'postMessage' on 'DOMWindow': The target origin provided ('https://www.youtube.com') does not match the recipient window's origin ('file://').
I/chromium(14669): [INFO:CONSOLE(0)] "Failed to execute 'postMessage' on 'DOMWindow': The target origin provided ('https://www.youtube.com') does not match the recipient window's origin ('file://').", source:  (0)
D/SystemWebChromeClient(14669): : Line 0 : Failed to execute 'postMessage' on 'DOMWindow': The target origin provided ('https://www.youtube.com') does not match the recipient window's origin ('file://').
I/chromium(14669): [INFO:CONSOLE(0)] "Failed to execute 'postMessage' on 'DOMWindow': The target origin provided ('https://www.youtube.com') does not match the recipient window's origin ('file://').", source:  (0)
D/SystemWebChromeClient(14669): : Line 0 : Failed to execute 'postMessage' on 'DOMWindow': The target origin provided ('https://www.youtube.com') does not match the recipient window's origin ('file://').
I/chromium(14669): [INFO:CONSOLE(0)] "Failed to execute 'postMessage' on 'DOMWindow': The target origin provided ('https://www.youtube.com') does not match the recipient window's origin ('file://').", source:  (0)
D/SystemWebChromeClient(14669): : Line 0 : Failed to execute 'postMessage' on 'DOMWindow': The target origin provided ('https://www.youtube.com') does not match the recipient window's origin ('file://').
I/chromium(14669): [INFO:CONSOLE(0)] "Failed to execute 'postMessage' on 'DOMWindow': The target origin provided ('https://www.youtube.com') does not match the recipient window's origin ('file://').", source:  (0)
D/SystemWebChromeClient(14669): : Line 0 : Failed to execute 'postMessage' on 'DOMWindow': The target origin provided ('https://www.youtube.com') does not match the recipient window's origin ('file://').
I/chromium(14669): [INFO:CONSOLE(0)] "Failed to execute 'postMessage' on 'DOMWindow': The target origin provided ('https://www.youtube.com') does not match the recipient window's origin ('file://').", source:  (0)
D/SystemWebChromeClient(14669): : Line 0 : Failed to execute 'postMessage' on 'DOMWindow': The target origin provided ('https://www.youtube.com') does not match the recipient window's origin ('file://').
I/chromium(14669): [INFO:CONSOLE(0)] "Failed to execute 'postMessage' on 'DOMWindow': The target origin provided ('https://www.youtube.com') does not match the recipient window's origin ('file://').", source:  (0)
D/SystemWebChromeClient(14669): : Line 0 : Failed to execute 'postMessage' on 'DOMWindow': The target origin provided ('https://www.youtube.com') does not match the recipient window's origin ('file://').
I/chromium(14669): [INFO:CONSOLE(0)] "Failed to execute 'postMessage' on 'DOMWindow': The target origin provided ('https://www.youtube.com') does not match the recipient window's origin ('file://').", source:  (0)
D/SystemWebChromeClient(14669): : Line 0 : Failed to execute 'postMessage' on 'DOMWindow': The target origin provided ('https://www.youtube.com') does not match the recipient window's origin ('file://').
I/chromium(14669): [INFO:CONSOLE(0)] "Failed to execute 'postMessage' on 'DOMWindow': The target origin provided ('https://www.youtube.com') does not match the recipient window's origin ('file://').", source:  (0)
D/SystemWebChromeClient(14669): : Line 0 : Failed to execute 'postMessage' on 'DOMWindow': The target origin provided ('https://www.youtube.com') does not match the recipient window's origin ('file://').
I/chromium(14669): [INFO:CONSOLE(0)] "Failed to execute 'postMessage' on 'DOMWindow': The target origin provided ('https://www.youtube.com') does not match the recipient window's origin ('file://').", source:  (0)
D/SystemWebChromeClient(14669): : Line 0 : Failed to execute 'postMessage' on 'DOMWindow': The target origin provided ('https://www.youtube.com') does not match the recipient window's origin ('file://').
I/chromium(14669): [INFO:CONSOLE(0)] "Failed to execute 'postMessage' on 'DOMWindow': The target origin provided ('https://www.youtube.com') does not match the recipient window's origin ('file://').", source:  (0)
D/SystemWebChromeClient(14669): : Line 0 : Failed to execute 'postMessage' on 'DOMWindow': The target origin provided ('https://www.youtube.com') does not match the recipient window's origin ('file://').
I/chromium(14669): [INFO:CONSOLE(0)] "Failed to execute 'postMessage' on 'DOMWindow': The target origin provided ('https://www.youtube.com') does not match the recipient window's origin ('file://').", source:  (0)
D/SystemWebChromeClient(14669): : Line 0 : Failed to execute 'postMessage' on 'DOMWindow': The target origin provided ('https://www.youtube.com') does not match the recipient window's origin ('file://').
I/chromium(14669): [INFO:CONSOLE(0)] "Failed to execute 'postMessage' on 'DOMWindow': The target origin provided ('https://www.youtube.com') does not match the recipient window's origin ('file://').", source:  (0)
D/SystemWebChromeClient(14669): : Line 0 : Failed to execute 'postMessage' on 'DOMWindow': The target origin provided ('https://www.youtube.com') does not match the recipient window's origin ('file://').
I/chromium(14669): [INFO:CONSOLE(0)] "Failed to execute 'postMessage' on 'DOMWindow': The target origin provided ('https://www.youtube.com') does not match the recipient window's origin ('file://').", source:  (0)
D/SystemWebChromeClient(14669): : Line 0 : Failed to execute 'postMessage' on 'DOMWindow': The target origin provided ('https://www.youtube.com') does not match the recipient window's origin ('file://').
I/chromium(14669): [INFO:CONSOLE(0)] "Failed to execute 'postMessage' on 'DOMWindow': The target origin provided ('https://www.youtube.com') does not match the recipient window's origin ('file://').", source:  (0)
D/SystemWebChromeClient(14669): : Line 0 : Failed to execute 'postMessage' on 'DOMWindow': The target origin provided ('https://www.youtube.com') does not match the recipient window's origin ('file://').
I/chromium(14669): [INFO:CONSOLE(0)] "Failed to execute 'postMessage' on 'DOMWindow': The target origin provided ('https://www.youtube.com') does not match the recipient window's origin ('file://').", source:  (0)
D/SystemWebChromeClient(14669): : Line 0 : Failed to execute 'postMessage' on 'DOMWindow': The target origin provided ('https://www.youtube.com') does not match the recipient window's origin ('file://').
I/chromium(14669): [INFO:CONSOLE(0)] "Failed to execute 'postMessage' on 'DOMWindow': The target origin provided ('https://www.youtube.com') does not match the recipient window's origin ('file://').", source:  (0)
D/SystemWebChromeClient(14669): : Line 0 : Failed to execute 'postMessage' on 'DOMWindow': The target origin provided ('https://www.youtube.com') does not match the recipient window's origin ('file://').
I/chromium(14669): [INFO:CONSOLE(0)] "Failed to execute 'postMessage' on 'DOMWindow': The target origin provided ('https://www.youtube.com') does not match the recipient window's origin ('file://').", source:  (0)
D/SystemWebChromeClient(14669): : Line 0 : Failed to execute 'postMessage' on 'DOMWindow': The target origin provided ('https://www.youtube.com') does not match the recipient window's origin ('file://').
I/chromium(14669): [INFO:CONSOLE(0)] "Failed to execute 'postMessage' on 'DOMWindow': The target origin provided ('https://www.youtube.com') does not match the recipient window's origin ('file://').", source:  (0)
D/SystemWebChromeClient(14669): : Line 0 : Failed to execute 'postMessage' on 'DOMWindow': The target origin provided ('https://www.youtube.com') does not match the recipient window's origin ('file://').
I/chromium(14669): [INFO:CONSOLE(0)] "Failed to execute 'postMessage' on 'DOMWindow': The target origin provided ('https://www.youtube.com') does not match the recipient window's origin ('file://').", source:  (0)
D/SystemWebChromeClient(14669): : Line 0 : Failed to execute 'postMessage' on 'DOMWindow': The target origin provided ('https://www.youtube.com') does not match the recipient window's origin ('file://').
I/chromium(14669): [INFO:CONSOLE(0)] "Failed to execute 'postMessage' on 'DOMWindow': The target origin provided ('https://www.youtube.com') does not match the recipient window's origin ('file://').", source:  (0)
D/SystemWebChromeClient(14669): : Line 0 : Failed to execute 'postMessage' on 'DOMWindow': The target origin provided ('https://www.youtube.com') does not match the recipient window's origin ('file://').
I/chromium(14669): [INFO:CONSOLE(0)] "Failed to execute 'postMessage' on 'DOMWindow': The target origin provided ('https://www.youtube.com') does not match the recipient window's origin ('file://').", source:  (0)
D/SystemWebChromeClient(14669): : Line 0 : Failed to execute 'postMessage' on 'DOMWindow': The target origin provided ('https://www.youtube.com') does not match the recipient window's origin ('file://').
I/chromium(14669): [INFO:CONSOLE(0)] "Failed to execute 'postMessage' on 'DOMWindow': The target origin provided ('https://www.youtube.com') does not match the recipient window's origin ('file://').", source:  (0)
D/SystemWebChromeClient(14669): : Line 0 : Failed to execute 'postMessage' on 'DOMWindow': The target origin provided ('https://www.youtube.com') does not match the recipient window's origin ('file://').
I/chromium(14669): [INFO:CONSOLE(0)] "Failed to execute 'postMessage' on 'DOMWindow': The target origin provided ('https://www.youtube.com') does not match the recipient window's origin ('file://').", source:  (0)
D/SystemWebChromeClient(14669): : Line 0 : Failed to execute 'postMessage' on 'DOMWindow': The target origin provided ('https://www.youtube.com') does not match the recipient window's origin ('file://').
I/chromium(14669): [INFO:CONSOLE(0)] "Failed to execute 'postMessage' on 'DOMWindow': The target origin provided ('https://www.youtube.com') does not match the recipient window's origin ('file://').", source:  (0)
D/SystemWebChromeClient(14669): : Line 0 : Failed to execute 'postMessage' on 'DOMWindow': The target origin provided ('https://www.youtube.com') does not match the recipient window's origin ('file://').
I/chromium(14669): [INFO:CONSOLE(0)] "Failed to execute 'postMessage' on 'DOMWindow': The target origin provided ('https://www.youtube.com') does not match the recipient window's origin ('file://').", source:  (0)
D/SystemWebChromeClient(14669): : Line 0 : Failed to execute 'postMessage' on 'DOMWindow': The target origin provided ('https://www.youtube.com') does not match the recipient window's origin ('file://').
I/chromium(14669): [INFO:CONSOLE(0)] "Failed to execute 'postMessage' on 'DOMWindow': The target origin provided ('https://www.youtube.com') does not match the recipient window's origin ('file://').", source:  (0)
D/SystemWebChromeClient(14669): : Line 0 : Failed to execute 'postMessage' on 'DOMWindow': The target origin provided ('https://www.youtube.com') does not match the recipient window's origin ('file://').
I/chromium(14669): [INFO:CONSOLE(0)] "Failed to execute 'postMessage' on 'DOMWindow': The target origin provided ('https://www.youtube.com') does not match the recipient window's origin ('file://').", source:  (0)
D/SystemWebChromeClient(14669): : Line 0 : Failed to execute 'postMessage' on 'DOMWindow': The target origin provided ('https://www.youtube.com') does not match the recipient window's origin ('file://').
I/chromium(14669): [INFO:CONSOLE(0)] "Failed to execute 'postMessage' on 'DOMWindow': The target origin provided ('https://www.youtube.com') does not match the recipient window's origin ('file://').", source:  (0)
D/SystemWebChromeClient(14669): : Line 0 : Failed to execute 'postMessage' on 'DOMWindow': The target origin provided ('https://www.youtube.com') does not match the recipient window's origin ('file://').
I/chromium(14669): [INFO:CONSOLE(0)] "Failed to execute 'postMessage' on 'DOMWindow': The target origin provided ('https://www.youtube.com') does not match the recipient window's origin ('file://').", source:  (0)
D/SystemWebChromeClient(14669): : Line 0 : Failed to execute 'postMessage' on 'DOMWindow': The target origin provided ('https://www.youtube.com') does not match the recipient window's origin ('file://').
I/chromium(14669): [INFO:CONSOLE(0)] "Failed to execute 'postMessage' on 'DOMWindow': The target origin provided ('https://www.youtube.com') does not match the recipient window's origin ('file://').", source:  (0)
D/SystemWebChromeClient(14669): : Line 0 : Failed to execute 'postMessage' on 'DOMWindow': The target origin provided ('https://www.youtube.com') does not match the recipient window's origin ('file://').
I/chromium(14669): [INFO:CONSOLE(0)] "Failed to execute 'postMessage' on 'DOMWindow': The target origin provided ('https://www.youtube.com') does not match the recipient window's origin ('file://').", source:  (0)
D/SystemWebChromeClient(14669): : Line 0 : Failed to execute 'postMessage' on 'DOMWindow': The target origin provided ('https://www.youtube.com') does not match the recipient window's origin ('file://').
I/chromium(14669): [INFO:CONSOLE(0)] "Failed to execute 'postMessage' on 'DOMWindow': The target origin provided ('https://www.youtube.com') does not match the recipient window's origin ('file://').", source:  (0)
D/SystemWebChromeClient(14669): : Line 0 : Failed to execute 'postMessage' on 'DOMWindow': The target origin provided ('https://www.youtube.com') does not match the recipient window's origin ('file://').
I/chromium(14669): [INFO:CONSOLE(0)] "Failed to execute 'postMessage' on 'DOMWindow': The target origin provided ('https://www.youtube.com') does not match the recipient window's origin ('file://').", source:  (0)
D/SystemWebChromeClient(14669): : Line 0 : Failed to execute 'postMessage' on 'DOMWindow': The target origin provided ('https://www.youtube.com') does not match the recipient window's origin ('file://').
I/chromium(14669): [INFO:CONSOLE(0)] "Failed to execute 'postMessage' on 'DOMWindow': The target origin provided ('https://www.youtube.com') does not match the recipient window's origin ('file://').", source:  (0)
D/SystemWebChromeClient(14669): : Line 0 : Failed to execute 'postMessage' on 'DOMWindow': The target origin provided ('https://www.youtube.com') does not match the recipient window's origin ('file://').
I/chromium(14669): [INFO:CONSOLE(0)] "Failed to execute 'postMessage' on 'DOMWindow': The target origin provided ('https://www.youtube.com') does not match the recipient window's origin ('file://').", source:  (0)
D/dalvikvm(14669): GC_CONCURRENT freed 369K, 3% free 17284K/17688K, paused 1ms+1ms, total 22ms
D/SystemWebChromeClient(14669): : Line 0 : Failed to execute 'postMessage' on 'DOMWindow': The target origin provided ('https://www.youtube.com') does not match the recipient window's origin ('file://').
I/chromium(14669): [INFO:CONSOLE(0)] "Failed to execute 'postMessage' on 'DOMWindow': The target origin provided ('https://www.youtube.com') does not match the recipient window's origin ('file://').", source:  (0)
D/SystemWebChromeClient(14669): : Line 0 : Failed to execute 'postMessage' on 'DOMWindow': The target origin provided ('https://www.youtube.com') does not match the recipient window's origin ('file://').
I/chromium(14669): [INFO:CONSOLE(0)] "Failed to execute 'postMessage' on 'DOMWindow': The target origin provided ('https://www.youtube.com') does not match the recipient window's origin ('file://').", source:  (0)
D/SystemWebChromeClient(14669): : Line 0 : Failed to execute 'postMessage' on 'DOMWindow': The target origin provided ('https://www.youtube.com') does not match the recipient window's origin ('file://').
I/chromium(14669): [INFO:CONSOLE(0)] "Failed to execute 'postMessage' on 'DOMWindow': The target origin provided ('https://www.youtube.com') does not match the recipient window's origin ('file://').", source:  (0)
D/SystemWebChromeClient(14669): : Line 0 : Failed to execute 'postMessage' on 'DOMWindow': The target origin provided ('https://www.youtube.com') does not match the recipient window's origin ('file://').
I/chromium(14669): [INFO:CONSOLE(0)] "Failed to execute 'postMessage' on 'DOMWindow': The target origin provided ('https://www.youtube.com') does not match the recipient window's origin ('file://').", source:  (0)
D/SystemWebChromeClient(14669): : Line 0 : Failed to execute 'postMessage' on 'DOMWindow': The target origin provided ('https://www.youtube.com') does not match the recipient window's origin ('file://').
I/chromium(14669): [INFO:CONSOLE(0)] "Failed to execute 'postMessage' on 'DOMWindow': The target origin provided ('https://www.youtube.com') does not match the recipient window's origin ('file://').", source:  (0)
D/SystemWebChromeClient(14669): : Line 0 : Failed to execute 'postMessage' on 'DOMWindow': The target origin provided ('https://www.youtube.com') does not match the recipient window's origin ('file://').
I/chromium(14669): [INFO:CONSOLE(0)] "Failed to execute 'postMessage' on 'DOMWindow': The target origin provided ('https://www.youtube.com') does not match the recipient window's origin ('file://').", source:  (0)
D/SystemWebChromeClient(14669): : Line 0 : Failed to execute 'postMessage' on 'DOMWindow': The target origin provided ('https://www.youtube.com') does not match the recipient window's origin ('file://').
I/chromium(14669): [INFO:CONSOLE(0)] "Failed to execute 'postMessage' on 'DOMWindow': The target origin provided ('https://www.youtube.com') does not match the recipient window's origin ('file://').", source:  (0)
D/SystemWebChromeClient(14669): : Line 0 : Failed to execute 'postMessage' on 'DOMWindow': The target origin provided ('https://www.youtube.com') does not match the recipient window's origin ('file://').
I/chromium(14669): [INFO:CONSOLE(0)] "Failed to execute 'postMessage' on 'DOMWindow': The target origin provided ('https://www.youtube.com') does not match the recipient window's origin ('file://').", source:  (0)
D/SystemWebChromeClient(14669): : Line 0 : Failed to execute 'postMessage' on 'DOMWindow': The target origin provided ('https://www.youtube.com') does not match the recipient window's origin ('file://').
I/chromium(14669): [INFO:CONSOLE(0)] "Failed to execute 'postMessage' on 'DOMWindow': The target origin provided ('https://www.youtube.com') does not match the recipient window's origin ('file://').", source:  (0)
D/SystemWebChromeClient(14669): : Line 0 : Failed to execute 'postMessage' on 'DOMWindow': The target origin provided ('https://www.youtube.com') does not match the recipient window's origin ('file://').
I/chromium(14669): [INFO:CONSOLE(0)] "Failed to execute 'postMessage' on 'DOMWindow': The target origin provided ('https://www.youtube.com') does not match the recipient window's origin ('file://').", source:  (0)
D/SystemWebChromeClient(14669): : Line 0 : Failed to execute 'postMessage' on 'DOMWindow': The target origin provided ('https://www.youtube.com') does not match the recipient window's origin ('file://').
I/chromium(14669): [INFO:CONSOLE(0)] "Failed to execute 'postMessage' on 'DOMWindow': The target origin provided ('https://www.youtube.com') does not match the recipient window's origin ('file://').", source:  (0)
D/SystemWebChromeClient(14669): : Line 0 : Failed to execute 'postMessage' on 'DOMWindow': The target origin provided ('https://www.youtube.com') does not match the recipient window's origin ('file://').
I/chromium(14669): [INFO:CONSOLE(0)] "Failed to execute 'postMessage' on 'DOMWindow': The target origin provided ('https://www.youtube.com') does not match the recipient window's origin ('file://').", source:  (0)
D/SystemWebChromeClient(14669): : Line 0 : Failed to execute 'postMessage' on 'DOMWindow': The target origin provided ('https://www.youtube.com') does not match the recipient window's origin ('file://').
I/chromium(14669): [INFO:CONSOLE(0)] "Failed to execute 'postMessage' on 'DOMWindow': The target origin provided ('https://www.youtube.com') does not match the recipient window's origin ('file://').", source:  (0)
D/SystemWebChromeClient(14669): : Line 0 : Failed to execute 'postMessage' on 'DOMWindow': The target origin provided ('https://www.youtube.com') does not match the recipient window's origin ('file://').
I/chromium(14669): [INFO:CONSOLE(0)] "Failed to execute 'postMessage' on 'DOMWindow': The target origin provided ('https://www.youtube.com') does not match the recipient window's origin ('file://').", source:  (0)
D/SystemWebChromeClient(14669): : Line 0 : Failed to execute 'postMessage' on 'DOMWindow': The target origin provided ('https://www.youtube.com') does not match the recipient window's origin ('file://').
I/chromium(14669): [INFO:CONSOLE(0)] "Failed to execute 'postMessage' on 'DOMWindow': The target origin provided ('https://www.youtube.com') does not match the recipient window's origin ('file://').", source:  (0)
D/SystemWebChromeClient(14669): : Line 0 : Failed to execute 'postMessage' on 'DOMWindow': The target origin provided ('https://www.youtube.com') does not match the recipient window's origin ('file://').
I/chromium(14669): [INFO:CONSOLE(0)] "Failed to execute 'postMessage' on 'DOMWindow': The target origin provided ('https://www.youtube.com') does not match the recipient window's origin ('file://').", source:  (0)
D/SystemWebChromeClient(14669): : Line 0 : Failed to execute 'postMessage' on 'DOMWindow': The target origin provided ('https://www.youtube.com') does not match the recipient window's origin ('file://').
I/chromium(14669): [INFO:CONSOLE(0)] "Failed to execute 'postMessage' on 'DOMWindow': The target origin provided ('https://www.youtube.com') does not match the recipient window's origin ('file://').", source:  (0)
D/SystemWebChromeClient(14669): : Line 0 : Failed to execute 'postMessage' on 'DOMWindow': The target origin provided ('https://www.youtube.com') does not match the recipient window's origin ('file://').
I/chromium(14669): [INFO:CONSOLE(0)] "Failed to execute 'postMessage' on 'DOMWindow': The target origin provided ('https://www.youtube.com') does not match the recipient window's origin ('file://').", source:  (0)
D/SystemWebChromeClient(14669): : Line 0 : Failed to execute 'postMessage' on 'DOMWindow': The target origin provided ('https://www.youtube.com') does not match the recipient window's origin ('file://').
I/chromium(14669): [INFO:CONSOLE(0)] "Failed to execute 'postMessage' on 'DOMWindow': The target origin provided ('https://www.youtube.com') does not match the recipient window's origin ('file://').", source:  (0)
D/SystemWebChromeClient(14669): : Line 0 : Failed to execute 'postMessage' on 'DOMWindow': The target origin provided ('https://www.youtube.com') does not match the recipient window's origin ('file://').
I/chromium(14669): [INFO:CONSOLE(0)] "Failed to execute 'postMessage' on 'DOMWindow': The target origin provided ('https://www.youtube.com') does not match the recipient window's origin ('file://').", source:  (0)
D/SystemWebChromeClient(14669): : Line 0 : Failed to execute 'postMessage' on 'DOMWindow': The target origin provided ('https://www.youtube.com') does not match the recipient window's origin ('file://').
I/chromium(14669): [INFO:CONSOLE(0)] "Failed to execute 'postMessage' on 'DOMWindow': The target origin provided ('https://www.youtube.com') does not match the recipient window's origin ('file://').", source:  (0)
D/SystemWebChromeClient(14669): : Line 0 : Failed to execute 'postMessage' on 'DOMWindow': The target origin provided ('https://www.youtube.com') does not match the recipient window's origin ('file://').
I/chromium(14669): [INFO:CONSOLE(0)] "Failed to execute 'postMessage' on 'DOMWindow': The target origin provided ('https://www.youtube.com') does not match the recipient window's origin ('file://').", source:  (0)
D/SystemWebChromeClient(14669): : Line 0 : Failed to execute 'postMessage' on 'DOMWindow': The target origin provided ('https://www.youtube.com') does not match the recipient window's origin ('file://').
I/chromium(14669): [INFO:CONSOLE(0)] "Failed to execute 'postMessage' on 'DOMWindow': The target origin provided ('https://www.youtube.com') does not match the recipient window's origin ('file://').", source:  (0)
D/SystemWebChromeClient(14669): : Line 0 : Failed to execute 'postMessage' on 'DOMWindow': The target origin provided ('https://www.youtube.com') does not match the recipient window's origin ('file://').
I/chromium(14669): [INFO:CONSOLE(0)] "Failed to execute 'postMessage' on 'DOMWindow': The target origin provided ('https://www.youtube.com') does not match the recipient window's origin ('file://').", source:  (0)
D/SystemWebChromeClient(14669): : Line 0 : Failed to execute 'postMessage' on 'DOMWindow': The target origin provided ('https://www.youtube.com') does not match the recipient window's origin ('file://').
I/chromium(14669): [INFO:CONSOLE(0)] "Failed to execute 'postMessage' on 'DOMWindow': The target origin provided ('https://www.youtube.com') does not match the recipient window's origin ('file://').", source:  (0)
D/SystemWebChromeClient(14669): : Line 0 : Failed to execute 'postMessage' on 'DOMWindow': The target origin provided ('https://www.youtube.com') does not match the recipient window's origin ('file://').
I/chromium(14669): [INFO:CONSOLE(0)] "Failed to execute 'postMessage' on 'DOMWindow': The target origin provided ('https://www.youtube.com') does not match the recipient window's origin ('file://').", source:  (0)
D/SystemWebChromeClient(14669): : Line 0 : Failed to execute 'postMessage' on 'DOMWindow': The target origin provided ('https://www.youtube.com') does not match the recipient window's origin ('file://').
I/chromium(14669): [INFO:CONSOLE(0)] "Failed to execute 'postMessage' on 'DOMWindow': The target origin provided ('https://www.youtube.com') does not match the recipient window's origin ('file://').", source:  (0)
D/SystemWebChromeClient(14669): : Line 0 : Failed to execute 'postMessage' on 'DOMWindow': The target origin provided ('https://www.youtube.com') does not match the recipient window's origin ('file://').
I/chromium(14669): [INFO:CONSOLE(0)] "Failed to execute 'postMessage' on 'DOMWindow': The target origin provided ('https://www.youtube.com') does not match the recipient window's origin ('file://').", source:  (0)
D/SystemWebChromeClient(14669): : Line 0 : Failed to execute 'postMessage' on 'DOMWindow': The target origin provided ('https://www.youtube.com') does not match the recipient window's origin ('file://').
