I/chromium(14669): [INFO:CONSOLE(407)] "Uncaught TypeError: Object #<Y> has no method 'stopVideo'", source: file:///android_asset/www/js/modulos.js (407)
D/SystemWebChromeClient(14669): : Line 0 : Failed to execute 'postMessage' on 'DOMWindow': The target origin provided ('https://www.youtube.com') does not match the recipient window's origin ('file://').
I/chromium(14669): [INFO:CONSOLE(0)] "Failed to execute 'postMessage' on 'DOMWindow': The target origin provided ('https://www.youtube.com') does not match the recipient window's origin ('file://').", source:  (0)
D/SystemWebChromeClient(14669): : Line 0 : Failed to execute 'postMessage' on 'DOMWindow': The target origin provided ('https://www.youtube.com') does not match the recipient window's origin ('file://').
I/chromium(14669): [INFO:CONSOLE(0)] "Failed to execute 'postMessage' on 'DOMWindow': The target origin provided ('https://www.youtube.com') does not match the recipient window's origin ('file://').", source:  (0)
D/SystemWebChromeClient(14669): file:///android_asset/www/js/modulos.js: Line 405 : [object Object]
I/chromium(14669): [INFO:CONSOLE(405)] "[object Object]", source: file:///android_asset/www/js/modulos.js (405)
D/SystemWebChromeClient(14669): file:///android_asset/www/js/modulos.js: Line 407 : Uncaught TypeError: Object #<Y> has no method 'stopVideo'
I/chromium(14669): [INFO:CONSOLE(407)] "Uncaught TypeError: Object #<Y> has no method 'stopVideo'", source: file:///android_asset/www/js/modulos.js (407)
D/SystemWebChromeClient(14669): : Line 0 : Failed to execute 'postMessage' on 'DOMWindow': The target origin provided ('https://www.youtube.com') does not match the recipient window's origin ('file://').
I/chromium(14669): [INFO:CONSOLE(0)] "Failed to execute 'postMessage' on 'DOMWindow': The target origin provided ('https://www.youtube.com') does not match the recipient window's origin ('file://').", source:  (0)
D/SystemWebChromeClient(14669): : Line 0 : Failed to execute 'postMessage' on 'DOMWindow': The target origin provided ('https://www.youtube.com') does not match the recipient window's origin ('file://').
I/chromium(14669): [INFO:CONSOLE(0)] "Failed to execute 'postMessage' on 'DOMWindow': The target origin provided ('https://www.youtube.com') does not match the recipient window's origin ('file://').", source:  (0)
D/SystemWebChromeClient(14669): : Line 0 : Failed to execute 'postMessage' on 'DOMWindow': The target origin provided ('https://www.youtube.com') does not match the recipient window's origin ('file://').
I/chromium(14669): [INFO:CONSOLE(0)] "Failed to execute 'postMessage' on 'DOMWindow': The target origin provided ('https://www.youtube.com') does not match the recipient window's origin ('file://').", source:  (0)
D/SystemWebChromeClient(14669): : Line 0 : Failed to execute 'postMessage' on 'DOMWindow': The target origin provided ('https://www.youtube.com') does not match the recipient window's origin ('file://').
I/chromium(14669): [INFO:CONSOLE(0)] "Failed to execute 'postMessage' on 'DOMWindow': The target origin provided ('https://www.youtube.com') does not match the recipient window's origin ('file://').", source:  (0)
D/SystemWebChromeClient(14669): : Line 0 : Failed to execute 'postMessage' on 'DOMWindow': The target origin provided ('https://www.youtube.com') does not match the recipient window's origin ('file://').
I/chromium(14669): [INFO:CONSOLE(0)] "Failed to execute 'postMessage' on 'DOMWindow': The target origin provided ('https://www.youtube.com') does not match the recipient window's origin ('file://').", source:  (0)
D/SystemWebChromeClient(14669): : Line 0 : Failed to execute 'postMessage' on 'DOMWindow': The target origin provided ('https://www.youtube.com') does not match the recipient window's origin ('file://').
I/chromium(14669): [INFO:CONSOLE(0)] "Failed to execute 'postMessage' on 'DOMWindow': The target origin provided ('https://www.youtube.com') does not match the recipient window's origin ('file://').", source:  (0)
D/SystemWebChromeClient(14669): : Line 0 : Failed to execute 'postMessage' on 'DOMWindow': The target origin provided ('https://www.youtube.com') does not match the recipient window's origin ('file://').
I/chromium(14669): [INFO:CONSOLE(0)] "Failed to execute 'postMessage' on 'DOMWindow': The target origin provided ('https://www.youtube.com') does not match the recipient window's origin ('file://').", source:  (0)
D/SystemWebChromeClient(14669): : Line 0 : Failed to execute 'postMessage' on 'DOMWindow': The target origin provided ('https://www.youtube.com') does not match the recipient window's origin ('file://').
I/chromium(14669): [INFO:CONSOLE(0)] "Failed to execute 'postMessage' on 'DOMWindow': The target origin provided ('https://www.youtube.com') does not match the recipient window's origin ('file://').", source:  (0)
D/SystemWebChromeClient(14669): : Line 0 : Failed to execute 'postMessage' on 'DOMWindow': The target origin provided ('https://www.youtube.com') does not match the recipient window's origin ('file://').
I/chromium(14669): [INFO:CONSOLE(0)] "Failed to execute 'postMessage' on 'DOMWindow': The target origin provided ('https://www.youtube.com') does not match the recipient window's origin ('file://').", source:  (0)
D/SystemWebChromeClient(14669): : Line 0 : Failed to execute 'postMessage' on 'DOMWindow': The target origin provided ('https://www.youtube.com') does not match the recipient window's origin ('file://').
I/chromium(14669): [INFO:CONSOLE(0)] "Failed to execute 'postMessage' on 'DOMWindow': The target origin provided ('https://www.youtube.com') does not match the recipient window's origin ('file://').", source:  (0)
D/SystemWebChromeClient(14669): : Line 0 : Failed to execute 'postMessage' on 'DOMWindow': The target origin provided ('https://www.youtube.com') does not match the recipient window's origin ('file://').
I/chromium(14669): [INFO:CONSOLE(0)] "Failed to execute 'postMessage' on 'DOMWindow': The target origin provided ('https://www.youtube.com') does not match the recipient window's origin ('file://').", source:  (0)
D/SystemWebChromeClient(14669): : Line 0 : Failed to execute 'postMessage' on 'DOMWindow': The target origin provided ('https://www.youtube.com') does not match the recipient window's origin ('file://').
I/chromium(14669): [INFO:CONSOLE(0)] "Failed to execute 'postMessage' on 'DOMWindow': The target origin provided ('https://www.youtube.com') does not match the recipient window's origin ('file://').", source:  (0)
D/SystemWebChromeClient(14669): : Line 0 : Failed to execute 'postMessage' on 'DOMWindow': The target origin provided ('https://www.youtube.com') does not match the recipient window's origin ('file://').
I/chromium(14669): [INFO:CONSOLE(0)] "Failed to execute 'postMessage' on 'DOMWindow': The target origin provided ('https://www.youtube.com') does not match the recipient window's origin ('file://').", source:  (0)
D/SystemWebChromeClient(14669): : Line 0 : Failed to execute 'postMessage' on 'DOMWindow': The target origin provided ('https://www.youtube.com') does not match the recipient window's origin ('file://').
I/chromium(14669): [INFO:CONSOLE(0)] "Failed to execute 'postMessage' on 'DOMWindow': The target origin provided ('https://www.youtube.com') does not match the recipient window's origin ('file://').", source:  (0)
D/SystemWebChromeClient(14669): : Line 0 : Failed to execute 'postMessage' on 'DOMWindow': The target origin provided ('https://www.youtube.com') does not match the recipient window's origin ('file://').
I/chromium(14669): [INFO:CONSOLE(0)] "Failed to execute 'postMessage' on 'DOMWindow': The target origin provided ('https://www.youtube.com') does not match the recipient window's origin ('file://').", source:  (0)
D/SystemWebChromeClient(14669): : Line 0 : Failed to execute 'postMessage' on 'DOMWindow': The target origin provided ('https://www.youtube.com') does not match the recipient window's origin ('file://').
I/chromium(14669): [INFO:CONSOLE(0)] "Failed to execute 'postMessage' on 'DOMWindow': The target origin provided ('https://www.youtube.com') does not match the recipient window's origin ('file://').", source:  (0)
D/SystemWebChromeClient(14669): : Line 0 : Failed to execute 'postMessage' on 'DOMWindow': The target origin provided ('https://www.youtube.com') does not match the recipient window's origin ('file://').
I/chromium(14669): [INFO:CONSOLE(0)] "Failed to execute 'postMessage' on 'DOMWindow': The target origin provided ('https://www.youtube.com') does not match the recipient window's origin ('file://').", source:  (0)
D/SystemWebChromeClient(14669): : Line 0 : Failed to execute 'postMessage' on 'DOMWindow': The target origin provided ('https://www.youtube.com') does not match the recipient window's origin ('file://').
I/chromium(14669): [INFO:CONSOLE(0)] "Failed to execute 'postMessage' on 'DOMWindow': The target origin provided ('https://www.youtube.com') does not match the recipient window's origin ('file://').", source:  (0)
D/SystemWebChromeClient(14669): : Line 0 : Failed to execute 'postMessage' on 'DOMWindow': The target origin provided ('https://www.youtube.com') does not match the recipient window's origin ('file://').
I/chromium(14669): [INFO:CONSOLE(0)] "Failed to execute 'postMessage' on 'DOMWindow': The target origin provided ('https://www.youtube.com') does not match the recipient window's origin ('file://').", source:  (0)
D/SystemWebChromeClient(14669): file:///android_asset/www/js/modulos.js: Line 405 : [object Object]
I/chromium(14669): [INFO:CONSOLE(405)] "[object Object]", source: file:///android_asset/www/js/modulos.js (405)
D/SystemWebChromeClient(14669): file:///android_asset/www/js/modulos.js: Line 407 : Uncaught TypeError: Object #<Y> has no method 'stopVideo'
I/chromium(14669): [INFO:CONSOLE(407)] "Uncaught TypeError: Object #<Y> has no method 'stopVideo'", source: file:///android_asset/www/js/modulos.js (407)
D/SystemWebChromeClient(14669): : Line 0 : Failed to execute 'postMessage' on 'DOMWindow': The target origin provided ('https://www.youtube.com') does not match the recipient window's origin ('file://').
I/chromium(14669): [INFO:CONSOLE(0)] "Failed to execute 'postMessage' on 'DOMWindow': The target origin provided ('https://www.youtube.com') does not match the recipient window's origin ('file://').", source:  (0)
D/SystemWebChromeClient(14669): : Line 0 : Failed to execute 'postMessage' on 'DOMWindow': The target origin provided ('https://www.youtube.com') does not match the recipient window's origin ('file://').
I/chromium(14669): [INFO:CONSOLE(0)] "Failed to execute 'postMessage' on 'DOMWindow': The target origin provided ('https://www.youtube.com') does not match the recipient window's origin ('file://').", source:  (0)
D/SystemWebChromeClient(14669): : Line 0 : Failed to execute 'postMessage' on 'DOMWindow': The target origin provided ('https://www.youtube.com') does not match the recipient window's origin ('file://').
I/chromium(14669): [INFO:CONSOLE(0)] "Failed to execute 'postMessage' on 'DOMWindow': The target origin provided ('https://www.youtube.com') does not match the recipient window's origin ('file://').", source:  (0)
D/SystemWebChromeClient(14669): : Line 0 : Failed to execute 'postMessage' on 'DOMWindow': The target origin provided ('https://www.youtube.com') does not match the recipient window's origin ('file://').
I/chromium(14669): [INFO:CONSOLE(0)] "Failed to execute 'postMessage' on 'DOMWindow': The target origin provided ('https://www.youtube.com') does not match the recipient window's origin ('file://').", source:  (0)
D/SystemWebChromeClient(14669): : Line 0 : Failed to execute 'postMessage' on 'DOMWindow': The target origin provided ('https://www.youtube.com') does not match the recipient window's origin ('file://').
I/chromium(14669): [INFO:CONSOLE(0)] "Failed to execute 'postMessage' on 'DOMWindow': The target origin provided ('https://www.youtube.com') does not match the recipient window's origin ('file://').", source:  (0)
D/SystemWebChromeClient(14669): : Line 0 : Failed to execute 'postMessage' on 'DOMWindow': The target origin provided ('https://www.youtube.com') does not match the recipient window's origin ('file://').
I/chromium(14669): [INFO:CONSOLE(0)] "Failed to execute 'postMessage' on 'DOMWindow': The target origin provided ('https://www.youtube.com') does not match the recipient window's origin ('file://').", source:  (0)
I/PlayCommon(12652): [2195] com.google.android.play.b.g.d(132): Preparing logs for uploading
W/PlayCommon(12652): [2195] com.google.android.play.b.g.a(473): No account for auth token provided
I/PlayCommon(12652): [2195] com.google.android.play.b.g.a(325): Connecting to server: https://play.googleapis.com/play/log?format=raw&proto_v2=true
D/SystemWebChromeClient(14669): : Line 0 : Failed to execute 'postMessage' on 'DOMWindow': The target origin provided ('https://www.youtube.com') does not match the recipient window's origin ('file://').
I/chromium(14669): [INFO:CONSOLE(0)] "Failed to execute 'postMessage' on 'DOMWindow': The target origin provided ('https://www.youtube.com') does not match the recipient window's origin ('file://').", source:  (0)
D/SystemWebChromeClient(14669): : Line 0 : Failed to execute 'postMessage' on 'DOMWindow': The target origin provided ('https://www.youtube.com') does not match the recipient window's origin ('file://').
I/chromium(14669): [INFO:CONSOLE(0)] "Failed to execute 'postMessage' on 'DOMWindow': The target origin provided ('https://www.youtube.com') does not match the recipient window's origin ('file://').", source:  (0)
I/PlayCommon(12652): [2195] com.google.android.play.b.g.a(416): Successfully uploaded logs.
D/SystemWebChromeClient(14669): : Line 0 : Failed to execute 'postMessage' on 'DOMWindow': The target origin provided ('https://www.youtube.com') does not match the recipient window's origin ('file://').
I/chromium(14669): [INFO:CONSOLE(0)] "Failed to execute 'postMessage' on 'DOMWindow': The target origin provided ('https://www.youtube.com') does not match the recipient window's origin ('file://').", source:  (0)
I/Finsky  (12652): [2074] com.google.android.finsky.bs.m.run(6): Stats for Executor: BlockingExecutor com.google.android.finsky.bs.aw@42653428[Running, pool size = 0, active threads = 0, queued tasks = 0, completed tasks = 89]
I/Finsky  (12652): [2074] com.google.android.finsky.bs.m.run(6): Stats for Executor: LightweightExecutor com.google.android.finsky.bs.aw@42654130[Running, pool size = 3, active threads = 0, queued tasks = 0, completed tasks = 60]
D/SystemWebChromeClient(14669): : Line 0 : Failed to execute 'postMessage' on 'DOMWindow': The target origin provided ('https://www.youtube.com') does not match the recipient window's origin ('file://').
I/chromium(14669): [INFO:CONSOLE(0)] "Failed to execute 'postMessage' on 'DOMWindow': The target origin provided ('https://www.youtube.com') does not match the recipient window's origin ('file://').", source:  (0)
D/SystemWebChromeClient(14669): : Line 0 : Failed to execute 'postMessage' on 'DOMWindow': The target origin provided ('https://www.youtube.com') does not match the recipient window's origin ('file://').
I/chromium(14669): [INFO:CONSOLE(0)] "Failed to execute 'postMessage' on 'DOMWindow': The target origin provided ('https://www.youtube.com') does not match the recipient window's origin ('file://').", source:  (0)
D/SystemWebChromeClient(14669): : Line 0 : Failed to execute 'postMessage' on 'DOMWindow': The target origin provided ('https://www.youtube.com') does not match the recipient window's origin ('file://').
I/chromium(14669): [INFO:CONSOLE(0)] "Failed to execute 'postMessage' on 'DOMWindow': The target origin provided ('https://www.youtube.com') does not match the recipient window's origin ('file://').", source:  (0)
I/Finsky  (12652): [2074] com.google.android.finsky.bs.m.run(6): Stats for Executor: bgExecutor com.google.android.finsky.bs.aw@4273b190[Running, pool size = 4, active threads = 0, queued tasks = 0, completed tasks = 265]
D/SystemWebChromeClient(14669): : Line 0 : Failed to execute 'postMessage' on 'DOMWindow': The target origin provided ('https://www.youtube.com') does not match the recipient window's origin ('file://').
I/chromium(14669): [INFO:CONSOLE(0)] "Failed to execute 'postMessage' on 'DOMWindow': The target origin provided ('https://www.youtube.com') does not match the recipient window's origin ('file://').", source:  (0)
D/SystemWebChromeClient(14669): : Line 0 : Failed to execute 'postMessage' on 'DOMWindow': The target origin provided ('https://www.youtube.com') does not match the recipient window's origin ('file://').
I/chromium(14669): [INFO:CONSOLE(0)] "Failed to execute 'postMessage' on 'DOMWindow': The target origin provided ('https://www.youtube.com') does not match the recipient window's origin ('file://').", source:  (0)
D/SystemWebChromeClient(14669): : Line 0 : Failed to execute 'postMessage' on 'DOMWindow': The target origin provided ('https://www.youtube.com') does not match the recipient window's origin ('file://').
I/chromium(14669): [INFO:CONSOLE(0)] "Failed to execute 'postMessage' on 'DOMWindow': The target origin provided ('https://www.youtube.com') does not match the recipient window's origin ('file://').", source:  (0)
D/SystemWebChromeClient(14669): : Line 0 : Failed to execute 'postMessage' on 'DOMWindow': The target origin provided ('https://www.youtube.com') does not match the recipient window's origin ('file://').
I/chromium(14669): [INFO:CONSOLE(0)] "Failed to execute 'postMessage' on 'DOMWindow': The target origin provided ('https://www.youtube.com') does not match the recipient window's origin ('file://').", source:  (0)
D/SystemWebChromeClient(14669): : Line 0 : Failed to execute 'postMessage' on 'DOMWindow': The target origin provided ('https://www.youtube.com') does not match the recipient window's origin ('file://').
I/chromium(14669): [INFO:CONSOLE(0)] "Failed to execute 'postMessage' on 'DOMWindow': The target origin provided ('https://www.youtube.com') does not match the recipient window's origin ('file://').", source:  (0)
D/SystemWebChromeClient(14669): : Line 0 : Failed to execute 'postMessage' on 'DOMWindow': The target origin provided ('https://www.youtube.com') does not match the recipient window's origin ('file://').
I/chromium(14669): [INFO:CONSOLE(0)] "Failed to execute 'postMessage' on 'DOMWindow': The target origin provided ('https://www.youtube.com') does not match the recipient window's origin ('file://').", source:  (0)
D/SystemWebChromeClient(14669): : Line 0 : Failed to execute 'postMessage' on 'DOMWindow': The target origin provided ('https://www.youtube.com') does not match the recipient window's origin ('file://').
I/chromium(14669): [INFO:CONSOLE(0)] "Failed to execute 'postMessage' on 'DOMWindow': The target origin provided ('https://www.youtube.com') does not match the recipient window's origin ('file://').", source:  (0)
D/SystemWebChromeClient(14669): : Line 0 : Failed to execute 'postMessage' on 'DOMWindow': The target origin provided ('https://www.youtube.com') does not match the recipient window's origin ('file://').
I/chromium(14669): [INFO:CONSOLE(0)] "Failed to execute 'postMessage' on 'DOMWindow': The target origin provided ('https://www.youtube.com') does not match the recipient window's origin ('file://').", source:  (0)
D/SystemWebChromeClient(14669): : Line 0 : Failed to execute 'postMessage' on 'DOMWindow': The target origin provided ('https://www.youtube.com') does not match the recipient window's origin ('file://').
I/chromium(14669): [INFO:CONSOLE(0)] "Failed to execute 'postMessage' on 'DOMWindow': The target origin provided ('https://www.youtube.com') does not match the recipient window's origin ('file://').", source:  (0)
D/SystemWebChromeClient(14669): : Line 0 : Failed to execute 'postMessage' on 'DOMWindow': The target origin provided ('https://www.youtube.com') does not match the recipient window's origin ('file://').
I/chromium(14669): [INFO:CONSOLE(0)] "Failed to execute 'postMessage' on 'DOMWindow': The target origin provided ('https://www.youtube.com') does not match the recipient window's origin ('file://').", source:  (0)
D/SystemWebChromeClient(14669): : Line 0 : Failed to execute 'postMessage' on 'DOMWindow': The target origin provided ('https://www.youtube.com') does not match the recipient window's origin ('file://').
I/chromium(14669): [INFO:CONSOLE(0)] "Failed to execute 'postMessage' on 'DOMWindow': The target origin provided ('https://www.youtube.com') does not match the recipient window's origin ('file://').", source:  (0)
D/SystemWebChromeClient(14669): : Line 0 : Failed to execute 'postMessage' on 'DOMWindow': The target origin provided ('https://www.youtube.com') does not match the recipient window's origin ('file://').
I/chromium(14669): [INFO:CONSOLE(0)] "Failed to execute 'postMessage' on 'DOMWindow': The target origin provided ('https://www.youtube.com') does not match the recipient window's origin ('file://').", source:  (0)
D/SystemWebChromeClient(14669): : Line 0 : Failed to execute 'postMessage' on 'DOMWindow': The target origin provided ('https://www.youtube.com') does not match the recipient window's origin ('file://').
I/chromium(14669): [INFO:CONSOLE(0)] "Failed to execute 'postMessage' on 'DOMWindow': The target origin provided ('https://www.youtube.com') does not match the recipient window's origin ('file://').", source:  (0)
D/SystemWebChromeClient(14669): file:///android_asset/www/js/modulos.js: Line 405 : [object Object]
I/chromium(14669): [INFO:CONSOLE(405)] "[object Object]", source: file:///android_asset/www/js/modulos.js (405)
D/SystemWebChromeClient(14669): file:///android_asset/www/js/modulos.js: Line 407 : Uncaught TypeError: Object #<Y> has no method 'stopVideo'
I/chromium(14669): [INFO:CONSOLE(407)] "Uncaught TypeError: Object #<Y> has no method 'stopVideo'", source: file:///android_asset/www/js/modulos.js (407)
D/SystemWebChromeClient(14669): : Line 0 : Failed to execute 'postMessage' on 'DOMWindow': The target origin provided ('https://www.youtube.com') does not match the recipient window's origin ('file://').
I/chromium(14669): [INFO:CONSOLE(0)] "Failed to execute 'postMessage' on 'DOMWindow': The target origin provided ('https://www.youtube.com') does not match the recipient window's origin ('file://').", source:  (0)
D/SystemWebChromeClient(14669): : Line 0 : Failed to execute 'postMessage' on 'DOMWindow': The target origin provided ('https://www.youtube.com') does not match the recipient window's origin ('file://').
I/chromium(14669): [INFO:CONSOLE(0)] "Failed to execute 'postMessage' on 'DOMWindow': The target origin provided ('https://www.youtube.com') does not match the recipient window's origin ('file://').", source:  (0)
D/SystemWebChromeClient(14669): file:///android_asset/www/js/modulos.js: Line 405 : [object Object]
I/chromium(14669): [INFO:CONSOLE(405)] "[object Object]", source: file:///android_asset/www/js/modulos.js (405)
D/SystemWebChromeClient(14669): file:///android_asset/www/js/modulos.js: Line 407 : Uncaught TypeError: Object #<Y> has no method 'stopVideo'
I/chromium(14669): [INFO:CONSOLE(407)] "Uncaught TypeError: Object #<Y> has no method 'stopVideo'", source: file:///android_asset/www/js/modulos.js (407)
D/SystemWebChromeClient(14669): : Line 0 : Failed to execute 'postMessage' on 'DOMWindow': The target origin provided ('https://www.youtube.com') does not match the recipient window's origin ('file://').
I/chromium(14669): [INFO:CONSOLE(0)] "Failed to execute 'postMessage' on 'DOMWindow': The target origin provided ('https://www.youtube.com') does not match the recipient window's origin ('file://').", source:  (0)
D/SystemWebChromeClient(14669): file:///android_asset/www/js/modulos.js: Line 405 : [object Object]
I/chromium(14669): [INFO:CONSOLE(405)] "[object Object]", source: file:///android_asset/www/js/modulos.js (405)
D/SystemWebChromeClient(14669): file:///android_asset/www/js/modulos.js: Line 407 : Uncaught TypeError: Object #<Y> has no method 'stopVideo'
I/chromium(14669): [INFO:CONSOLE(407)] "Uncaught TypeError: Object #<Y> has no method 'stopVideo'", source: file:///android_asset/www/js/modulos.js (407)
D/SystemWebChromeClient(14669): : Line 0 : Failed to execute 'postMessage' on 'DOMWindow': The target origin provided ('https://www.youtube.com') does not match the recipient window's origin ('file://').
I/chromium(14669): [INFO:CONSOLE(0)] "Failed to execute 'postMessage' on 'DOMWindow': The target origin provided ('https://www.youtube.com') does not match the recipient window's origin ('file://').", source:  (0)
D/SystemWebChromeClient(14669): : Line 0 : Failed to execute 'postMessage' on 'DOMWindow': The target origin provided ('https://www.youtube.com') does not match the recipient window's origin ('file://').
I/chromium(14669): [INFO:CONSOLE(0)] "Failed to execute 'postMessage' on 'DOMWindow': The target origin provided ('https://www.youtube.com') does not match the recipient window's origin ('file://').", source:  (0)
D/SystemWebChromeClient(14669): : Line 0 : Failed to execute 'postMessage' on 'DOMWindow': The target origin provided ('https://www.youtube.com') does not match the recipient window's origin ('file://').
I/chromium(14669): [INFO:CONSOLE(0)] "Failed to execute 'postMessage' on 'DOMWindow': The target origin provided ('https://www.youtube.com') does not match the recipient window's origin ('file://').", source:  (0)
D/SystemWebChromeClient(14669): : Line 0 : Failed to execute 'postMessage' on 'DOMWindow': The target origin provided ('https://www.youtube.com') does not match the recipient window's origin ('file://').
I/chromium(14669): [INFO:CONSOLE(0)] "Failed to execute 'postMessage' on 'DOMWindow': The target origin provided ('https://www.youtube.com') does not match the recipient window's origin ('file://').", source:  (0)
D/SystemWebChromeClient(14669): : Line 0 : Failed to execute 'postMessage' on 'DOMWindow': The target origin provided ('https://www.youtube.com') does not match the recipient window's origin ('file://').
I/chromium(14669): [INFO:CONSOLE(0)] "Failed to execute 'postMessage' on 'DOMWindow': The target origin provided ('https://www.youtube.com') does not match the recipient window's origin ('file://').", source:  (0)
D/SystemWebChromeClient(14669): : Line 0 : Failed to execute 'postMessage' on 'DOMWindow': The target origin provided ('https://www.youtube.com') does not match the recipient window's origin ('file://').
I/chromium(14669): [INFO:CONSOLE(0)] "Failed to execute 'postMessage' on 'DOMWindow': The target origin provided ('https://www.youtube.com') does not match the recipient window's origin ('file://').", source:  (0)
D/SystemWebChromeClient(14669): : Line 0 : Failed to execute 'postMessage' on 'DOMWindow': The target origin provided ('https://www.youtube.com') does not match the recipient window's origin ('file://').
I/chromium(14669): [INFO:CONSOLE(0)] "Failed to execute 'postMessage' on 'DOMWindow': The target origin provided ('https://www.youtube.com') does not match the recipient window's origin ('file://').", source:  (0)
D/SystemWebChromeClient(14669): : Line 0 : Failed to execute 'postMessage' on 'DOMWindow': The target origin provided ('https://www.youtube.com') does not match the recipient window's origin ('file://').
I/chromium(14669): [INFO:CONSOLE(0)] "Failed to execute 'postMessage' on 'DOMWindow': The target origin provided ('https://www.youtube.com') does not match the recipient window's origin ('file://').", source:  (0)
D/SystemWebChromeClient(14669): : Line 0 : Failed to execute 'postMessage' on 'DOMWindow': The target origin provided ('https://www.youtube.com') does not match the recipient window's origin ('file://').
I/chromium(14669): [INFO:CONSOLE(0)] "Failed to execute 'postMessage' on 'DOMWindow': The target origin provided ('https://www.youtube.com') does not match the recipient window's origin ('file://').", source:  (0)
D/SystemWebChromeClient(14669): : Line 0 : Failed to execute 'postMessage' on 'DOMWindow': The target origin provided ('https://www.youtube.com') does not match the recipient window's origin ('file://').
I/chromium(14669): [INFO:CONSOLE(0)] "Failed to execute 'postMessage' on 'DOMWindow': The target origin provided ('https://www.youtube.com') does not match the recipient window's origin ('file://').", source:  (0)
D/SystemWebChromeClient(14669): : Line 0 : Failed to execute 'postMessage' on 'DOMWindow': The target origin provided ('https://www.youtube.com') does not match the recipient window's origin ('file://').
I/chromium(14669): [INFO:CONSOLE(0)] "Failed to execute 'postMessage' on 'DOMWindow': The target origin provided ('https://www.youtube.com') does not match the recipient window's origin ('file://').", source:  (0)
D/SystemWebChromeClient(14669): : Line 0 : Failed to execute 'postMessage' on 'DOMWindow': The target origin provided ('https://www.youtube.com') does not match the recipient window's origin ('file://').
I/chromium(14669): [INFO:CONSOLE(0)] "Failed to execute 'postMessage' on 'DOMWindow': The target origin provided ('https://www.youtube.com') does not match the recipient window's origin ('file://').", source:  (0)
D/SystemWebChromeClient(14669): : Line 0 : Failed to execute 'postMessage' on 'DOMWindow': The target origin provided ('https://www.youtube.com') does not match the recipient window's origin ('file://').
I/chromium(14669): [INFO:CONSOLE(0)] "Failed to execute 'postMessage' on 'DOMWindow': The target origin provided ('https://www.youtube.com') does not match the recipient window's origin ('file://').", source:  (0)
D/SystemWebChromeClient(14669): : Line 0 : Failed to execute 'postMessage' on 'DOMWindow': The target origin provided ('https://www.youtube.com') does not match the recipient window's origin ('file://').
I/chromium(14669): [INFO:CONSOLE(0)] "Failed to execute 'postMessage' on 'DOMWindow': The target origin provided ('https://www.youtube.com') does not match the recipient window's origin ('file://').", source:  (0)
D/SystemWebChromeClient(14669): : Line 0 : Failed to execute 'postMessage' on 'DOMWindow': The target origin provided ('https://www.youtube.com') does not match the recipient window's origin ('file://').
I/chromium(14669): [INFO:CONSOLE(0)] "Failed to execute 'postMessage' on 'DOMWindow': The target origin provided ('https://www.youtube.com') does not match the recipient window's origin ('file://').", source:  (0)
D/SystemWebChromeClient(14669): : Line 0 : Failed to execute 'postMessage' on 'DOMWindow': The target origin provided ('https://www.youtube.com') does not match the recipient window's origin ('file://').
I/chromium(14669): [INFO:CONSOLE(0)] "Failed to execute 'postMessage' on 'DOMWindow': The target origin provided ('https://www.youtube.com') does not match the recipient window's origin ('file://').", source:  (0)
D/SystemWebChromeClient(14669): : Line 0 : Failed to execute 'postMessage' on 'DOMWindow': The target origin provided ('https://www.youtube.com') does not match the recipient window's origin ('file://').
I/chromium(14669): [INFO:CONSOLE(0)] "Failed to execute 'postMessage' on 'DOMWindow': The target origin provided ('https://www.youtube.com') does not match the recipient window's origin ('file://').", source:  (0)
D/SystemWebChromeClient(14669): : Line 0 : Failed to execute 'postMessage' on 'DOMWindow': The target origin provided ('https://www.youtube.com') does not match the recipient window's origin ('file://').
I/chromium(14669): [INFO:CONSOLE(0)] "Failed to execute 'postMessage' on 'DOMWindow': The target origin provided ('https://www.youtube.com') does not match the recipient window's origin ('file://').", source:  (0)
D/SystemWebChromeClient(14669): file:///android_asset/www/js/modulos.js: Line 405 : [object Object]
I/chromium(14669): [INFO:CONSOLE(405)] "[object Object]", source: file:///android_asset/www/js/modulos.js (405)
D/SystemWebChromeClient(14669): file:///android_asset/www/js/modulos.js: Line 407 : Uncaught TypeError: Object #<Y> has no method 'stopVideo'
I/chromium(14669): [INFO:CONSOLE(407)] "Uncaught TypeError: Object #<Y> has no method 'stopVideo'", source: file:///android_asset/www/js/modulos.js (407)
D/SystemWebChromeClient(14669): : Line 0 : Failed to execute 'postMessage' on 'DOMWindow': The target origin provided ('https://www.youtube.com') does not match the recipient window's origin ('file://').
I/chromium(14669): [INFO:CONSOLE(0)] "Failed to execute 'postMessage' on 'DOMWindow': The target origin provided ('https://www.youtube.com') does not match the recipient window's origin ('file://').", source:  (0)
D/SystemWebChromeClient(14669): : Line 0 : Failed to execute 'postMessage' on 'DOMWindow': The target origin provided ('https://www.youtube.com') does not match the recipient window's origin ('file://').
I/chromium(14669): [INFO:CONSOLE(0)] "Failed to execute 'postMessage' on 'DOMWindow': The target origin provided ('https://www.youtube.com') does not match the recipient window's origin ('file://').", source:  (0)
D/SystemWebChromeClient(14669): : Line 0 : Failed to execute 'postMessage' on 'DOMWindow': The target origin provided ('https://www.youtube.com') does not match the recipient window's origin ('file://').
I/chromium(14669): [INFO:CONSOLE(0)] "Failed to execute 'postMessage' on 'DOMWindow': The target origin provided ('https://www.youtube.com') does not match the recipient window's origin ('file://').", source:  (0)
D/SystemWebChromeClient(14669): : Line 0 : Failed to execute 'postMessage' on 'DOMWindow': The target origin provided ('https://www.youtube.com') does not match the recipient window's origin ('file://').
I/chromium(14669): [INFO:CONSOLE(0)] "Failed to execute 'postMessage' on 'DOMWindow': The target origin provided ('https://www.youtube.com') does not match the recipient window's origin ('file://').", source:  (0)
D/SystemWebChromeClient(14669): : Line 0 : Failed to execute 'postMessage' on 'DOMWindow': The target origin provided ('https://www.youtube.com') does not match the recipient window's origin ('file://').
I/chromium(14669): [INFO:CONSOLE(0)] "Failed to execute 'postMessage' on 'DOMWindow': The target origin provided ('https://www.youtube.com') does not match the recipient window's origin ('file://').", source:  (0)
D/SystemWebChromeClient(14669): : Line 0 : Failed to execute 'postMessage' on 'DOMWindow': The target origin provided ('https://www.youtube.com') does not match the recipient window's origin ('file://').
I/chromium(14669): [INFO:CONSOLE(0)] "Failed to execute 'postMessage' on 'DOMWindow': The target origin provided ('https://www.youtube.com') does not match the recipient window's origin ('file://').", source:  (0)
D/SystemWebChromeClient(14669): : Line 0 : Failed to execute 'postMessage' on 'DOMWindow': The target origin provided ('https://www.youtube.com') does not match the recipient window's origin ('file://').
I/chromium(14669): [INFO:CONSOLE(0)] "Failed to execute 'postMessage' on 'DOMWindow': The target origin provided ('https://www.youtube.com') does not match the recipient window's origin ('file://').", source:  (0)
I/PowerManagerService(  764): Going to sleep by user request...
I/ActivityManager(  764): Process com.google.android.apps.plus (pid 2426) has died.
I/ActivityManager(  764): Process com.quickoffice.android (pid 4902) has died.
E/qcom_sensors_hal(  764): hal_process_report_ind: Bad item quality: 11 
D/SystemWebChromeClient(14669): : Line 0 : Failed to execute 'postMessage' on 'DOMWindow': The target origin provided ('https://www.youtube.com') does not match the recipient window's origin ('file://').
I/chromium(14669): [INFO:CONSOLE(0)] "Failed to execute 'postMessage' on 'DOMWindow': The target origin provided ('https://www.youtube.com') does not match the recipient window's origin ('file://').", source:  (0)
D/SystemWebChromeClient(14669): : Line 0 : Failed to execute 'postMessage' on 'DOMWindow': The target origin provided ('https://www.youtube.com') does not match the recipient window's origin ('file://').
I/chromium(14669): [INFO:CONSOLE(0)] "Failed to execute 'postMessage' on 'DOMWindow': The target origin provided ('https://www.youtube.com') does not match the recipient window's origin ('file://').", source:  (0)
D/SurfaceFlinger(  180): Screen released, type=0 flinger=0xb710f450
D/qdhwcomposer(  180): hwc_blank: Blanking display: 0
I/PowerManagerService(  764): Waking up from sleep...
V/KeyguardHostView(  859): Initial transport state: 0, pbstate=2
D/CordovaActivity(14669): Paused the activity.
D/CordovaActivity(14669): Stopped the activity.
D/SystemWebChromeClient(14669): : Line 0 : Failed to execute 'postMessage' on 'DOMWindow': The target origin provided ('https://www.youtube.com') does not match the recipient window's origin ('file://').
I/chromium(14669): [INFO:CONSOLE(0)] "Failed to execute 'postMessage' on 'DOMWindow': The target origin provided ('https://www.youtube.com') does not match the recipient window's origin ('file://').", source:  (0)
D/dalvikvm(  859): GC_CONCURRENT freed 12533K, 56% free 23002K/51976K, paused 1ms+2ms, total 18ms
D/dalvikvm(  859): WAIT_FOR_CONCURRENT_GC blocked 16ms
V/KeyguardHostView(  859): hide transport, gen:211
V/KeyguardHostView(  859): music state changed: 2
D/audio_hw_primary(  183): out_set_parameters: enter: usecase(1: low-latency-playback) kvpairs: routing=2
D/audio_hw_primary(  183): select_devices: out_snd_device(2: speaker) in_snd_device(0: )
D/qdhwcomposer(  180): hwc_blank: Done blanking display: 0
D/SurfaceControl(  764): Excessive delay in blankDisplay() while turning screen off: 286ms
D/SurfaceFlinger(  180): Screen acquired, type=0 flinger=0xb710f450
D/qdhwcomposer(  180): hwc_blank: Unblanking display: 0
D/SystemWebChromeClient(14669): : Line 0 : Failed to execute 'postMessage' on 'DOMWindow': The target origin provided ('https://www.youtube.com') does not match the recipient window's origin ('file://').
I/chromium(14669): [INFO:CONSOLE(0)] "Failed to execute 'postMessage' on 'DOMWindow': The target origin provided ('https://www.youtube.com') does not match the recipient window's origin ('file://').", source:  (0)
D/qdhwcomposer(  180): hwc_blank: Done unblanking display: 0
D/SurfaceControl(  764): Excessive delay in unblankDisplay() while turning screen on: 234ms
W/View    (  859): requestLayout() improperly called by android.widget.TextClock{4465cc20 V.ED.... ......ID 157,0-724,320 #7f0a0047 app:id/clock_view} during layout: running second layout pass
W/View    (  859): requestLayout() improperly called by android.widget.TextClock{447317c0 V.ED.... ......ID 176,0-461,57 #7f0a004c app:id/date_view} during layout: running second layout pass
W/View    (  859): requestLayout() improperly called by android.widget.TextView{43ba0930 V.ED.... ......ID 485,0-705,57 #7f0a004d app:id/alarm_status} during layout: running second layout pass
D/PhoneStatusBar(  859): disable: < EXPAND* icons alerts TICKER* system_info BACK* HOME* RECENT* CLOCK* search >
I/ActivityManager(  764): Process com.android.providers.calendar (pid 13169) has died.
D/dalvikvm(25987): GC_CONCURRENT freed 3341K, 31% free 27550K/39388K, paused 6ms+4ms, total 70ms
I/ActivityManager(  764): Process com.android.keychain (pid 4845) has died.
I/DeviceStatusMonitor(  974): onReceive() : Action = android.intent.action.SCREEN_OFF
I/GoogleInputMethod(  974): onReceive() : Action = android.intent.action.SCREEN_OFF
I/ActivityManager(  764): Process com.android.defcontainer (pid 4679) has died.
D/SystemWebChromeClient(14669): : Line 0 : Failed to execute 'postMessage' on 'DOMWindow': The target origin provided ('https://www.youtube.com') does not match the recipient window's origin ('file://').
I/chromium(14669): [INFO:CONSOLE(0)] "Failed to execute 'postMessage' on 'DOMWindow': The target origin provided ('https://www.youtube.com') does not match the recipient window's origin ('file://').", source:  (0)
V/KeyguardServiceDelegate(  764): onScreenTurnedOn(showListener = com.android.internal.policy.impl.PhoneWindowManager$17@42aed4e0)
I/ActivityManager(  764): Process com.google.android.partnersetup (pid 4988) has died.
V/KeyguardServiceDelegate(  764): **** SHOWN CALLED ****
I/WindowManager(  764): Lock screen displayed!
D/DisplayPowerController(  764): Unblocked screen on after 282373721 ms
I/ActivityManager(  764): Process com.codingbad.vpntoggle (pid 6813) has died.
I/DeviceStatusMonitor(  974): onReceive() : Action = android.intent.action.SCREEN_ON
I/ActivityManager(  764): Process com.dropbox.android:crashes (pid 15010) has died.
D/SystemWebChromeClient(14669): : Line 0 : Failed to execute 'postMessage' on 'DOMWindow': The target origin provided ('https://www.youtube.com') does not match the recipient window's origin ('file://').
I/chromium(14669): [INFO:CONSOLE(0)] "Failed to execute 'postMessage' on 'DOMWindow': The target origin provided ('https://www.youtube.com') does not match the recipient window's origin ('file://').", source:  (0)
D/SystemWebChromeClient(14669): : Line 0 : Failed to execute 'postMessage' on 'DOMWindow': The target origin provided ('https://www.youtube.com') does not match the recipient window's origin ('file://').
I/chromium(14669): [INFO:CONSOLE(0)] "Failed to execute 'postMessage' on 'DOMWindow': The target origin provided ('https://www.youtube.com') does not match the recipient window's origin ('file://').", source:  (0)
D/SystemWebChromeClient(14669): : Line 0 : Failed to execute 'postMessage' on 'DOMWindow': The target origin provided ('https://www.youtube.com') does not match the recipient window's origin ('file://').
I/chromium(14669): [INFO:CONSOLE(0)] "Failed to execute 'postMessage' on 'DOMWindow': The target origin provided ('https://www.youtube.com') does not match the recipient window's origin ('file://').", source:  (0)
D/SystemWebChromeClient(14669): : Line 0 : Failed to execute 'postMessage' on 'DOMWindow': The target origin provided ('https://www.youtube.com') does not match the recipient window's origin ('file://').
I/chromium(14669): [INFO:CONSOLE(0)] "Failed to execute 'postMessage' on 'DOMWindow': The target origin provided ('https://www.youtube.com') does not match the recipient window's origin ('file://').", source:  (0)
D/dalvikvm(14669): GC_CONCURRENT freed 429K, 3% free 17241K/17708K, paused 1ms+2ms, total 14ms
D/SystemWebChromeClient(14669): : Line 0 : Failed to execute 'postMessage' on 'DOMWindow': The target origin provided ('https://www.youtube.com') does not match the recipient window's origin ('file://').
I/chromium(14669): [INFO:CONSOLE(0)] "Failed to execute 'postMessage' on 'DOMWindow': The target origin provided ('https://www.youtube.com') does not match the recipient window's origin ('file://').", source:  (0)
D/SystemWebChromeClient(14669): : Line 0 : Failed to execute 'postMessage' on 'DOMWindow': The target origin provided ('https://www.youtube.com') does not match the recipient window's origin ('file://').
I/chromium(14669): [INFO:CONSOLE(0)] "Failed to execute 'postMessage' on 'DOMWindow': The target origin provided ('https://www.youtube.com') does not match the recipient window's origin ('file://').", source:  (0)
D/audio_hw_primary(  183): out_set_parameters: enter: usecase(1: low-latency-playback) kvpairs: routing=2
D/CordovaActivity(14669): Started the activity.
D/CordovaActivity(14669): Resumed the activity.
D/PhoneStatusBar(  859): disable: < expand* icons alerts ticker* system_info back* home* recent* clock* search >
W/InputMethodManagerService(  764): Window already focused, ignoring focus gain of: com.android.internal.view.IInputMethodClient$Stub$Proxy@42cc88d8 attribute=android.view.inputmethod.EditorInfo@436593d8, token = android.os.BinderProxy@43219220
I/Authzen ( 1189): [DeviceStateSyncManager] Device state fast sync is disabled
I/ActivityManager(  764): Start proc com.weather.Weather for broadcast com.weather.Weather/com.weather.dal2.system.UniversalBroadcastReceiver: pid=16030 uid=10094 gids={50094, 3003}
D/SystemWebChromeClient(14669): : Line 0 : Failed to execute 'postMessage' on 'DOMWindow': The target origin provided ('https://www.youtube.com') does not match the recipient window's origin ('file://').
I/chromium(14669): [INFO:CONSOLE(0)] "Failed to execute 'postMessage' on 'DOMWindow': The target origin provided ('https://www.youtube.com') does not match the recipient window's origin ('file://').", source:  (0)
I/dalvikvm(16030): Failed resolving Landroid/support/v4/app/SupportActivity; interface 8409 'Lcom/newrelic/agent/android/api/v2/TraceFieldInterface;'
W/dalvikvm(16030): Link of class 'Landroid/support/v4/app/SupportActivity;' failed
W/dalvikvm(16030): Unable to resolve superclass of Landroid/support/v4/app/BaseFragmentActivityApi14; (959)
W/dalvikvm(16030): Link of class 'Landroid/support/v4/app/BaseFragmentActivityApi14;' failed
W/dalvikvm(16030): Unable to resolve superclass of Landroid/support/v4/app/BaseFragmentActivityApi16; (835)
W/dalvikvm(16030): Link of class 'Landroid/support/v4/app/BaseFragmentActivityApi16;' failed
W/dalvikvm(16030): Unable to resolve superclass of Landroid/support/v4/app/FragmentActivity; (836)
W/dalvikvm(16030): Link of class 'Landroid/support/v4/app/FragmentActivity;' failed
W/dalvikvm(16030): Unable to resolve superclass of Landroid/support/v7/app/AppCompatActivity; (851)
W/dalvikvm(16030): Link of class 'Landroid/support/v7/app/AppCompatActivity;' failed
W/dalvikvm(16030): Unable to resolve superclass of Lcom/weather/commons/app/TWCRotatableBaseActivity; (1397)
W/dalvikvm(16030): Link of class 'Lcom/weather/commons/app/TWCRotatableBaseActivity;' failed
W/dalvikvm(16030): Unable to resolve superclass of Lcom/weather/commons/app/TWCBaseActivity; (9609)
W/dalvikvm(16030): Link of class 'Lcom/weather/commons/app/TWCBaseActivity;' failed
W/dalvikvm(16030): Unable to resolve superclass of Lcom/weather/Weather/app/NoLocationActivity; (9607)
W/dalvikvm(16030): Link of class 'Lcom/weather/Weather/app/NoLocationActivity;' failed
E/dalvikvm(16030): Could not find class 'com.weather.Weather.app.NoLocationActivity', referenced from method com.weather.Weather.app.FlagshipApplication.onCreate
W/dalvikvm(16030): VFY: unable to resolve const-class 8625 (Lcom/weather/Weather/app/NoLocationActivity;) in Lcom/weather/Weather/app/FlagshipApplication;
D/dalvikvm(16030): VFY: replacing opcode 0x1c at 0x01de
I/MultiDex(16030): VM with version 1.6.0 does not have multidex support
I/MultiDex(16030): install
I/MultiDex(16030): MultiDexExtractor.load(/data/app/com.weather.Weather-2.apk, false)
I/MultiDex(16030): loading existing secondary dex files
I/MultiDex(16030): load found 2 secondary dex files
I/MultiDex(16030): install done
I/MultiDex(16030): install
D/dalvikvm(16030): GC_CONCURRENT freed 293K, 2% free 16861K/17188K, paused 2ms+1ms, total 15ms
I/dalvikvm(16030): Could not find method android.content.Context.getColor, referenced from method android.support.v4.content.ContextCompat.getColor
W/dalvikvm(16030): VFY: unable to resolve virtual method 1194: Landroid/content/Context;.getColor (I)I
D/dalvikvm(16030): VFY: replacing opcode 0x6e at 0x0006
I/dalvikvm(16030): Could not find method android.content.Context.getColorStateList, referenced from method android.support.v4.content.ContextCompat.getColorStateList
W/dalvikvm(16030): VFY: unable to resolve virtual method 1195: Landroid/content/Context;.getColorStateList (I)Landroid/content/res/ColorStateList;
D/dalvikvm(16030): VFY: replacing opcode 0x6e at 0x0006
I/dalvikvm(16030): Could not find method android.content.Context.getDrawable, referenced from method android.support.v4.content.ContextCompat.getDrawable
W/dalvikvm(16030): VFY: unable to resolve virtual method 1198: Landroid/content/Context;.getDrawable (I)Landroid/graphics/drawable/Drawable;
D/dalvikvm(16030): VFY: replacing opcode 0x6e at 0x0006
I/dalvikvm(16030): Could not find method android.content.Context.isDeviceProtectedStorage, referenced from method android.support.v4.content.ContextCompat.isDeviceProtectedStorage
W/dalvikvm(16030): VFY: unable to resolve virtual method 1217: Landroid/content/Context;.isDeviceProtectedStorage ()Z
D/dalvikvm(16030): VFY: replacing opcode 0x6e at 0x0006
D/FirebaseApp(16030): com.google.firebase.auth.FirebaseAuth is not linked. Skipping initialization.
I/dalvikvm(16030): Could not find method android.content.Context.getNoBackupFilesDir, referenced from method com.google.android.gms.common.util.zzv.getNoBackupFilesDir
W/dalvikvm(16030): VFY: unable to resolve virtual method 1206: Landroid/content/Context;.getNoBackupFilesDir ()Ljava/io/File;
D/dalvikvm(16030): VFY: replacing opcode 0x6e at 0x0006
D/FirebaseApp(16030): com.google.firebase.crash.FirebaseCrash is not linked. Skipping initialization.
D/SystemWebChromeClient(14669): : Line 0 : Failed to execute 'postMessage' on 'DOMWindow': The target origin provided ('https://www.youtube.com') does not match the recipient window's origin ('file://').
I/chromium(14669): [INFO:CONSOLE(0)] "Failed to execute 'postMessage' on 'DOMWindow': The target origin provided ('https://www.youtube.com') does not match the recipient window's origin ('file://').", source:  (0)
D/dalvikvm(16030): GC_CONCURRENT freed 277K, 2% free 16981K/17284K, paused 2ms+3ms, total 15ms
E/dalvikvm(16030): Could not find class 'android.app.job.JobScheduler', referenced from method com.google.android.gms.internal.zzcki.zzbam
W/dalvikvm(16030): VFY: unable to resolve check-cast 68 (Landroid/app/job/JobScheduler;) in Lcom/google/android/gms/internal/zzcki;
